Archive member included to satisfy reference by file (symbol)

/usr/local/gcc-arm-none-eabi-6_2-2016q4/bin/../lib/gcc/arm-none-eabi/6.2.1/../../../../arm-none-eabi/lib/thumb/v7e-m/fpv4-sp/hard/libc_nano.a(lib_a-exit.o)
                              /usr/local/gcc-arm-none-eabi-6_2-2016q4/bin/../lib/gcc/arm-none-eabi/6.2.1/../../../../arm-none-eabi/lib/thumb/v7e-m/fpv4-sp/hard/crt0.o (exit)
/usr/local/gcc-arm-none-eabi-6_2-2016q4/bin/../lib/gcc/arm-none-eabi/6.2.1/../../../../arm-none-eabi/lib/thumb/v7e-m/fpv4-sp/hard/libc_nano.a(lib_a-impure.o)
                              /usr/local/gcc-arm-none-eabi-6_2-2016q4/bin/../lib/gcc/arm-none-eabi/6.2.1/../../../../arm-none-eabi/lib/thumb/v7e-m/fpv4-sp/hard/libc_nano.a(lib_a-exit.o) (_global_impure_ptr)
/usr/local/gcc-arm-none-eabi-6_2-2016q4/bin/../lib/gcc/arm-none-eabi/6.2.1/../../../../arm-none-eabi/lib/thumb/v7e-m/fpv4-sp/hard/libc_nano.a(lib_a-init.o)
                              /usr/local/gcc-arm-none-eabi-6_2-2016q4/bin/../lib/gcc/arm-none-eabi/6.2.1/../../../../arm-none-eabi/lib/thumb/v7e-m/fpv4-sp/hard/crt0.o (__libc_init_array)
/usr/local/gcc-arm-none-eabi-6_2-2016q4/bin/../lib/gcc/arm-none-eabi/6.2.1/../../../../arm-none-eabi/lib/thumb/v7e-m/fpv4-sp/hard/libc_nano.a(lib_a-memset.o)
                              /usr/local/gcc-arm-none-eabi-6_2-2016q4/bin/../lib/gcc/arm-none-eabi/6.2.1/../../../../arm-none-eabi/lib/thumb/v7e-m/fpv4-sp/hard/crt0.o (memset)
/usr/local/gcc-arm-none-eabi-6_2-2016q4/bin/../lib/gcc/arm-none-eabi/6.2.1/../../../../arm-none-eabi/lib/thumb/v7e-m/fpv4-sp/hard/libnosys.a(_exit.o)
                              /usr/local/gcc-arm-none-eabi-6_2-2016q4/bin/../lib/gcc/arm-none-eabi/6.2.1/../../../../arm-none-eabi/lib/thumb/v7e-m/fpv4-sp/hard/libc_nano.a(lib_a-exit.o) (_exit)
/usr/local/gcc-arm-none-eabi-6_2-2016q4/bin/../lib/gcc/arm-none-eabi/6.2.1/../../../../arm-none-eabi/lib/thumb/v7e-m/fpv4-sp/hard/libc_nano.a(lib_a-memcpy-stub.o)
                              _build/nrf52832_xxaa_queue.c.o (memcpy)
/usr/local/gcc-arm-none-eabi-6_2-2016q4/bin/../lib/gcc/arm-none-eabi/6.2.1/../../../../arm-none-eabi/lib/thumb/v7e-m/fpv4-sp/hard/libc_nano.a(lib_a-strcpy.o)
                              _build/nrf52832_xxaa_SEGGER_RTT.c.o (strcpy)
/usr/local/gcc-arm-none-eabi-6_2-2016q4/bin/../lib/gcc/arm-none-eabi/6.2.1/../../../../arm-none-eabi/lib/thumb/v7e-m/fpv4-sp/hard/libc_nano.a(lib_a-strlen.o)
                              _build/nrf52832_xxaa_SEGGER_RTT.c.o (strlen)

Allocating common symbols
Common symbol       size              file

led_toggle_timer_handle
                    0x4               _build/nrf52832_xxaa_main.c.o
xQueueRegistry      0x10              _build/nrf52832_xxaa_queue.c.o
led_toggle_task_handle
                    0x4               _build/nrf52832_xxaa_main.c.o
_SEGGER_RTT         0x78              _build/nrf52832_xxaa_SEGGER_RTT.c.o

Discarded input sections

 .text          0x0000000000000000        0x0 /usr/local/gcc-arm-none-eabi-6_2-2016q4/bin/../lib/gcc/arm-none-eabi/6.2.1/thumb/v7e-m/fpv4-sp/hard/crti.o
 .data          0x0000000000000000        0x0 /usr/local/gcc-arm-none-eabi-6_2-2016q4/bin/../lib/gcc/arm-none-eabi/6.2.1/thumb/v7e-m/fpv4-sp/hard/crti.o
 .bss           0x0000000000000000        0x0 /usr/local/gcc-arm-none-eabi-6_2-2016q4/bin/../lib/gcc/arm-none-eabi/6.2.1/thumb/v7e-m/fpv4-sp/hard/crti.o
 .data          0x0000000000000000        0x4 /usr/local/gcc-arm-none-eabi-6_2-2016q4/bin/../lib/gcc/arm-none-eabi/6.2.1/thumb/v7e-m/fpv4-sp/hard/crtbegin.o
 .data          0x0000000000000000        0x0 /usr/local/gcc-arm-none-eabi-6_2-2016q4/bin/../lib/gcc/arm-none-eabi/6.2.1/../../../../arm-none-eabi/lib/thumb/v7e-m/fpv4-sp/hard/crt0.o
 .bss           0x0000000000000000        0x0 /usr/local/gcc-arm-none-eabi-6_2-2016q4/bin/../lib/gcc/arm-none-eabi/6.2.1/../../../../arm-none-eabi/lib/thumb/v7e-m/fpv4-sp/hard/crt0.o
 .ARM.extab     0x0000000000000000        0x0 /usr/local/gcc-arm-none-eabi-6_2-2016q4/bin/../lib/gcc/arm-none-eabi/6.2.1/../../../../arm-none-eabi/lib/thumb/v7e-m/fpv4-sp/hard/crt0.o
 .text          0x0000000000000000        0x0 /usr/local/gcc-arm-none-eabi-6_2-2016q4/bin/../lib/gcc/arm-none-eabi/6.2.1/../../../../arm-none-eabi/lib/thumb/v7e-m/fpv4-sp/hard/libc_nano.a(lib_a-exit.o)
 .data          0x0000000000000000        0x0 /usr/local/gcc-arm-none-eabi-6_2-2016q4/bin/../lib/gcc/arm-none-eabi/6.2.1/../../../../arm-none-eabi/lib/thumb/v7e-m/fpv4-sp/hard/libc_nano.a(lib_a-exit.o)
 .bss           0x0000000000000000        0x0 /usr/local/gcc-arm-none-eabi-6_2-2016q4/bin/../lib/gcc/arm-none-eabi/6.2.1/../../../../arm-none-eabi/lib/thumb/v7e-m/fpv4-sp/hard/libc_nano.a(lib_a-exit.o)
 .text          0x0000000000000000        0x0 /usr/local/gcc-arm-none-eabi-6_2-2016q4/bin/../lib/gcc/arm-none-eabi/6.2.1/../../../../arm-none-eabi/lib/thumb/v7e-m/fpv4-sp/hard/libc_nano.a(lib_a-impure.o)
[...]
Memory Configuration

Name             Origin             Length             Attributes
FLASH            0x0000000000000000 0x0000000000080000 xr
RAM              0x0000000020000000 0x0000000000010000 xrw
*default*        0x0000000000000000 0xffffffffffffffff

Linker script and memory map


.text           0x0000000000000000     0x2f64
 *(.isr_vector)
 .isr_vector    0x0000000000000000      0x400 _build/nrf52832_xxaa_gcc_startup_nrf52.S.o
                0x0000000000000000                __isr_vector
 *(.text*)
 .text          0x0000000000000400       0x6c /usr/local/gcc-arm-none-eabi-6_2-2016q4/bin/../lib/gcc/arm-none-eabi/6.2.1/thumb/v7e-m/fpv4-sp/hard/crtbegin.o
 .text          0x000000000000046c       0x74 /usr/local/gcc-arm-none-eabi-6_2-2016q4/bin/../lib/gcc/arm-none-eabi/6.2.1/../../../../arm-none-eabi/lib/thumb/v7e-m/fpv4-sp/hard/crt0.o
                0x000000000000046c                _mainCRTStartup
                0x000000000000046c                _start
 .text.exit     0x00000000000004e0       0x28 /usr/local/gcc-arm-none-eabi-6_2-2016q4/bin/../lib/gcc/arm-none-eabi/6.2.1/../../../../arm-none-eabi/lib/thumb/v7e-m/fpv4-sp/hard/libc_nano.a(lib_a-exit.o)
                0x00000000000004e0                exit
 .text.__libc_init_array
                0x0000000000000508       0x48 /usr/local/gcc-arm-none-eabi-6_2-2016q4/bin/../lib/gcc/arm-none-eabi/6.2.1/../../../../arm-none-eabi/lib/thumb/v7e-m/fpv4-sp/hard/libc_nano.a(lib_a-init.o)
                0x0000000000000508                __libc_init_array
 .text.memset   0x0000000000000550       0x10 /usr/local/gcc-arm-none-eabi-6_2-2016q4/bin/../lib/gcc/arm-none-eabi/6.2.1/../../../../arm-none-eabi/lib/thumb/v7e-m/fpv4-sp/hard/libc_nano.a(lib_a-memset.o)
                0x0000000000000550                memset
 .text._exit    0x0000000000000560        0x4 /usr/local/gcc-arm-none-eabi-6_2-2016q4/bin/../lib/gcc/arm-none-eabi/6.2.1/../../../../arm-none-eabi/lib/thumb/v7e-m/fpv4-sp/hard/libnosys.a(_exit.o)
                0x0000000000000560                _exit
 .text.app_error_handler_bare
                0x0000000000000564       0x20 _build/nrf52832_xxaa_app_error.c.o
                0x0000000000000564                app_error_handler_bare
 .text.app_error_fault_handler
                0x0000000000000584       0x24 _build/nrf52832_xxaa_app_error_weak.c.o
                0x0000000000000584                app_error_fault_handler
 .text.app_util_critical_region_enter
                0x00000000000005a8       0x10 _build/nrf52832_xxaa_app_util_platform.c.o
                0x00000000000005a8                app_util_critical_region_enter
 .text.app_util_critical_region_exit
                0x00000000000005b8       0x14 _build/nrf52832_xxaa_app_util_platform.c.o
                0x00000000000005b8                app_util_critical_region_exit
 .text.pvPortMalloc
                0x00000000000005cc       0x58 _build/nrf52832_xxaa_heap_1.c.o
                0x00000000000005cc                pvPortMalloc
 .text.vPortFree
                0x0000000000000624        0x4 _build/nrf52832_xxaa_heap_1.c.o
                0x0000000000000624                vPortFree
 .text.vListInitialise
                0x0000000000000628       0x18 _build/nrf52832_xxaa_list.c.o
                0x0000000000000628                vListInitialise
 .text.vListInitialiseItem
                0x0000000000000640        0x8 _build/nrf52832_xxaa_list.c.o
                0x0000000000000640                vListInitialiseItem
 .text.vListInsertEnd
                0x0000000000000648       0x18 _build/nrf52832_xxaa_list.c.o
                0x0000000000000648                vListInsertEnd
 .text.vListInsert
                0x0000000000000660       0x34 _build/nrf52832_xxaa_list.c.o
                0x0000000000000660                vListInsert
 .text.uxListRemove
                0x0000000000000694       0x24 _build/nrf52832_xxaa_list.c.o
                0x0000000000000694                uxListRemove
 .text.vPortStartFirstTask
                0x00000000000006b8       0x1c _build/nrf52832_xxaa_port.c.o
                0x00000000000006b8                vPortStartFirstTask
 .text.SVC_Handler
                0x00000000000006d4       0x20 _build/nrf52832_xxaa_port.c.o
                0x00000000000006d4                SVC_Handler
 .text.PendSV_Handler
                0x00000000000006f4       0x60 _build/nrf52832_xxaa_port.c.o
                0x00000000000006f4                PendSV_Handler
 .text.prvTaskExitError
                0x0000000000000754        0x8 _build/nrf52832_xxaa_port_cmsis.c.o
 .text.pxPortInitialiseStack
                0x000000000000075c       0x2c _build/nrf52832_xxaa_port_cmsis.c.o
                0x000000000000075c                pxPortInitialiseStack
 .text.xPortStartScheduler
                0x0000000000000788       0x4c _build/nrf52832_xxaa_port_cmsis.c.o
                0x0000000000000788                xPortStartScheduler
 .text.vPortEnterCritical
                0x00000000000007d4       0x14 _build/nrf52832_xxaa_port_cmsis.c.o
                0x00000000000007d4                vPortEnterCritical
 .text.vPortExitCritical
                0x00000000000007e8       0x14 _build/nrf52832_xxaa_port_cmsis.c.o
                0x00000000000007e8                vPortExitCritical
 .text.RTC1_IRQHandler
                0x00000000000007fc       0x4c _build/nrf52832_xxaa_port_cmsis_systick.c.o
                0x00000000000007fc                RTC1_IRQHandler
 .text.vPortSetupTimerInterrupt
                0x0000000000000848       0x38 _build/nrf52832_xxaa_port_cmsis_systick.c.o
                0x0000000000000848                vPortSetupTimerInterrupt
 .text.vPortSuppressTicksAndSleep
                0x0000000000000880       0xc8 _build/nrf52832_xxaa_port_cmsis_systick.c.o
                0x0000000000000880                vPortSuppressTicksAndSleep
 .text.xQueueGenericCreate
                0x0000000000000948       0x6c _build/nrf52832_xxaa_queue.c.o
                0x0000000000000948                xQueueGenericCreate
 .text.xQueueGenericSend
                0x00000000000009b4      0x318 _build/nrf52832_xxaa_queue.c.o
                0x00000000000009b4                xQueueGenericSend
 .text.xQueueGenericSendFromISR
                0x0000000000000ccc       0xe8 _build/nrf52832_xxaa_queue.c.o
                0x0000000000000ccc                xQueueGenericSendFromISR
 .text.xQueueGenericReceive
                0x0000000000000db4      0x2e0 _build/nrf52832_xxaa_queue.c.o
                0x0000000000000db4                xQueueGenericReceive
 .text.vQueueAddToRegistry
                0x0000000000001094       0x24 _build/nrf52832_xxaa_queue.c.o
                0x0000000000001094                vQueueAddToRegistry
 .text.vQueueWaitForMessageRestricted
                0x00000000000010b8       0xb0 _build/nrf52832_xxaa_queue.c.o
                0x00000000000010b8                vQueueWaitForMessageRestricted
 .text.xTaskGenericCreate
                0x0000000000001168      0x1e8 _build/nrf52832_xxaa_tasks.c.o
                0x0000000000001168                xTaskGenericCreate
 .text.vTaskStartScheduler
                0x0000000000001350      0x1a4 _build/nrf52832_xxaa_tasks.c.o
                0x0000000000001350                vTaskStartScheduler
 .text.vTaskSuspendAll
                0x00000000000014f4       0x10 _build/nrf52832_xxaa_tasks.c.o
                0x00000000000014f4                vTaskSuspendAll
 .text.xTaskGetTickCount
                0x0000000000001504        0xc _build/nrf52832_xxaa_tasks.c.o
                0x0000000000001504                xTaskGetTickCount
 .text.vTaskStepTick
                0x0000000000001510       0x10 _build/nrf52832_xxaa_tasks.c.o
                0x0000000000001510                vTaskStepTick
 .text.xTaskIncrementTick
                0x0000000000001520      0x128 _build/nrf52832_xxaa_tasks.c.o
                0x0000000000001520                xTaskIncrementTick
 .text.xTaskResumeAll
                0x0000000000001648       0xf8 _build/nrf52832_xxaa_tasks.c.o
                0x0000000000001648                xTaskResumeAll
 .text.vTaskDelay
                0x0000000000001740       0xa0 _build/nrf52832_xxaa_tasks.c.o
                0x0000000000001740                vTaskDelay
 .text.prvIdleTask
                0x00000000000017e0       0xf4 _build/nrf52832_xxaa_tasks.c.o
 .text.vTaskSwitchContext
                0x00000000000018d4       0x58 _build/nrf52832_xxaa_tasks.c.o
                0x00000000000018d4                vTaskSwitchContext
 .text.vTaskPlaceOnEventList
                0x000000000000192c       0x94 _build/nrf52832_xxaa_tasks.c.o
                0x000000000000192c                vTaskPlaceOnEventList
 .text.vTaskPlaceOnEventListRestricted
                0x00000000000019c0       0x7c _build/nrf52832_xxaa_tasks.c.o
                0x00000000000019c0                vTaskPlaceOnEventListRestricted
 .text.xTaskRemoveFromEventList
                0x0000000000001a3c       0xa0 _build/nrf52832_xxaa_tasks.c.o
                0x0000000000001a3c                xTaskRemoveFromEventList
 .text.vTaskSetTimeOutState
                0x0000000000001adc       0x18 _build/nrf52832_xxaa_tasks.c.o
                0x0000000000001adc                vTaskSetTimeOutState
 .text.xTaskCheckForTimeOut
                0x0000000000001af4       0x60 _build/nrf52832_xxaa_tasks.c.o
                0x0000000000001af4                xTaskCheckForTimeOut
 .text.vTaskMissedYield
                0x0000000000001b54        0xc _build/nrf52832_xxaa_tasks.c.o
                0x0000000000001b54                vTaskMissedYield
 .text.eTaskConfirmSleepModeStatus
                0x0000000000001b60       0x20 _build/nrf52832_xxaa_tasks.c.o
                0x0000000000001b60                eTaskConfirmSleepModeStatus
 .text.xTaskGetSchedulerState
                0x0000000000001b80       0x20 _build/nrf52832_xxaa_tasks.c.o
                0x0000000000001b80                xTaskGetSchedulerState
 .text.vTaskPriorityInherit
                0x0000000000001ba0       0x98 _build/nrf52832_xxaa_tasks.c.o
                0x0000000000001ba0                vTaskPriorityInherit
 .text.xTaskPriorityDisinherit
                0x0000000000001c38       0x84 _build/nrf52832_xxaa_tasks.c.o
                0x0000000000001c38                xTaskPriorityDisinherit
 .text.pvTaskIncrementMutexHeldCount
                0x0000000000001cbc       0x18 _build/nrf52832_xxaa_tasks.c.o
                0x0000000000001cbc                pvTaskIncrementMutexHeldCount
 .text.xTimerCreateTimerTask
                0x0000000000001cd4       0x88 _build/nrf52832_xxaa_timers.c.o
                0x0000000000001cd4                xTimerCreateTimerTask
 .text.xTimerCreate
                0x0000000000001d5c       0xa8 _build/nrf52832_xxaa_timers.c.o
                0x0000000000001d5c                xTimerCreate
 .text.xTimerGenericCommand
                0x0000000000001e04       0x58 _build/nrf52832_xxaa_timers.c.o
                0x0000000000001e04                xTimerGenericCommand
 .text.prvTimerTask
                0x0000000000001e5c      0x2b0 _build/nrf52832_xxaa_timers.c.o
 .text.bsp_board_leds_off
                0x000000000000210c       0x2c _build/nrf52832_xxaa_boards.c.o
                0x000000000000210c                bsp_board_leds_off
 .text.bsp_board_led_invert
                0x0000000000002138       0x24 _build/nrf52832_xxaa_boards.c.o
                0x0000000000002138                bsp_board_led_invert
 .text.bsp_board_leds_init
                0x000000000000215c       0x3c _build/nrf52832_xxaa_boards.c.o
                0x000000000000215c                bsp_board_leds_init
 .text.nrf_drv_clock_init
                0x0000000000002198       0x40 _build/nrf52832_xxaa_nrf_drv_clock.c.o
                0x0000000000002198                nrf_drv_clock_init
 .text.nrf_drv_clock_lfclk_request
                0x00000000000021d8       0x7c _build/nrf52832_xxaa_nrf_drv_clock.c.o
                0x00000000000021d8                nrf_drv_clock_lfclk_request
 .text.POWER_CLOCK_IRQHandler
                0x0000000000002254       0x78 _build/nrf52832_xxaa_nrf_drv_clock.c.o
                0x0000000000002254                POWER_CLOCK_IRQHandler
 .text.nrf_drv_common_irq_enable
                0x00000000000022cc       0x50 _build/nrf52832_xxaa_nrf_drv_common.c.o
                0x00000000000022cc                nrf_drv_common_irq_enable
 .text.GPIOTE_IRQHandler
                0x000000000000231c      0x528 _build/nrf52832_xxaa_nrf_drv_gpiote.c.o
                0x000000000000231c                GPIOTE_IRQHandler
 .text.UARTE0_UART0_IRQHandler
                0x0000000000002844      0x2f4 _build/nrf52832_xxaa_nrf_drv_uart.c.o
                0x0000000000002844                UARTE0_UART0_IRQHandler
 .text.led_toggle_timer_callback
                0x0000000000002b38        0x8 _build/nrf52832_xxaa_main.c.o
 .text.led_toggle_task_function
                0x0000000000002b40       0x10 _build/nrf52832_xxaa_main.c.o
 .text.startup.main
                0x0000000000002b50       0x8c _build/nrf52832_xxaa_main.c.o
                0x0000000000002b50                main
 .text          0x0000000000002bdc       0x3c _build/nrf52832_xxaa_gcc_startup_nrf52.S.o
                0x0000000000002bdc                Reset_Handler
                0x0000000000002c04                NMI_Handler
                0x0000000000002c06                HardFault_Handler
                0x0000000000002c08                MemoryManagement_Handler
                0x0000000000002c0a                BusFault_Handler
                0x0000000000002c0c                UsageFault_Handler
                0x0000000000002c10                DebugMon_Handler
                0x0000000000002c14                SysTick_Handler
                0x0000000000002c16                TIMER2_IRQHandler
                0x0000000000002c16                RTC0_IRQHandler
                0x0000000000002c16                SWI0_EGU0_IRQHandler
                0x0000000000002c16                SWI2_EGU2_IRQHandler
                0x0000000000002c16                PWM1_IRQHandler
                0x0000000000002c16                RADIO_IRQHandler
                0x0000000000002c16                PDM_IRQHandler
                0x0000000000002c16                TEMP_IRQHandler
                0x0000000000002c16                QDEC_IRQHandler
                0x0000000000002c16                TIMER3_IRQHandler
                0x0000000000002c16                FPU_IRQHandler
                0x0000000000002c16                SPIM0_SPIS0_TWIM0_TWIS0_SPI0_TWI0_IRQHandler
                0x0000000000002c16                TIMER4_IRQHandler
                0x0000000000002c16                I2S_IRQHandler
                0x0000000000002c16                SWI4_EGU4_IRQHandler
                0x0000000000002c16                TIMER0_IRQHandler
                0x0000000000002c16                TIMER1_IRQHandler
                0x0000000000002c16                PWM2_IRQHandler
                0x0000000000002c16                ECB_IRQHandler
                0x0000000000002c16                SPIM1_SPIS1_TWIM1_TWIS1_SPI1_TWI1_IRQHandler
                0x0000000000002c16                Default_Handler
                0x0000000000002c16                SAADC_IRQHandler
                0x0000000000002c16                CCM_AAR_IRQHandler
                0x0000000000002c16                WDT_IRQHandler
                0x0000000000002c16                SWI5_EGU5_IRQHandler
                0x0000000000002c16                RNG_IRQHandler
                0x0000000000002c16                RTC2_IRQHandler
                0x0000000000002c16                PWM0_IRQHandler
                0x0000000000002c16                SWI3_EGU3_IRQHandler
                0x0000000000002c16                SWI1_EGU1_IRQHandler
                0x0000000000002c16                SPIM2_SPIS2_SPI2_IRQHandler
                0x0000000000002c16                NFCT_IRQHandler
                0x0000000000002c16                MWU_IRQHandler
                0x0000000000002c16                COMP_LPCOMP_IRQHandler
 .text.SystemInit
                0x0000000000002c18      0x2f0 _build/nrf52832_xxaa_system_nrf52.c.o
                0x0000000000002c18                SystemInit
 .text.memcpy   0x0000000000002f08       0x16 /usr/local/gcc-arm-none-eabi-6_2-2016q4/bin/../lib/gcc/arm-none-eabi/6.2.1/../../../../arm-none-eabi/lib/thumb/v7e-m/fpv4-sp/hard/libc_nano.a(lib_a-memcpy-stub.o)
                0x0000000000002f08                memcpy
 *(.init)
 *fill*         0x0000000000002f1e        0x2 
 .init          0x0000000000002f20        0x4 /usr/local/gcc-arm-none-eabi-6_2-2016q4/bin/../lib/gcc/arm-none-eabi/6.2.1/thumb/v7e-m/fpv4-sp/hard/crti.o
                0x0000000000002f20                _init
 .init          0x0000000000002f24        0x8 /usr/local/gcc-arm-none-eabi-6_2-2016q4/bin/../lib/gcc/arm-none-eabi/6.2.1/thumb/v7e-m/fpv4-sp/hard/crtn.o
 *(.fini)
 .fini          0x0000000000002f2c        0x4 /usr/local/gcc-arm-none-eabi-6_2-2016q4/bin/../lib/gcc/arm-none-eabi/6.2.1/thumb/v7e-m/fpv4-sp/hard/crti.o
                0x0000000000002f2c                _fini
 .fini          0x0000000000002f30        0x8 /usr/local/gcc-arm-none-eabi-6_2-2016q4/bin/../lib/gcc/arm-none-eabi/6.2.1/thumb/v7e-m/fpv4-sp/hard/crtn.o
 *crtbegin.o(.ctors)
 *crtbegin?.o(.ctors)
 *(EXCLUDE_FILE(*crtend.o *crtend?.o) .ctors)
 *(SORT(.ctors.*))
 *(.ctors)
 *crtbegin.o(.dtors)
 *crtbegin?.o(.dtors)
 *(EXCLUDE_FILE(*crtend.o *crtend?.o) .dtors)
 *(SORT(.dtors.*))
 *(.dtors)
 *(.rodata*)
 .rodata._global_impure_ptr
                0x0000000000002f38        0x4 /usr/local/gcc-arm-none-eabi-6_2-2016q4/bin/../lib/gcc/arm-none-eabi/6.2.1/../../../../arm-none-eabi/lib/thumb/v7e-m/fpv4-sp/hard/libc_nano.a(lib_a-impure.o)
                0x0000000000002f38                _global_impure_ptr
 .rodata.xTimerCreateTimerTask.str1.4
                0x0000000000002f3c       0x10 _build/nrf52832_xxaa_timers.c.o
 .rodata.m_board_led_list
                0x0000000000002f4c        0x4 _build/nrf52832_xxaa_boards.c.o
 .rodata.main.str1.4
                0x0000000000002f50       0x10 _build/nrf52832_xxaa_main.c.o
                                          0xd (size before relaxing)
 *(.eh_frame*)
 .eh_frame      0x0000000000002f60        0x0 /usr/local/gcc-arm-none-eabi-6_2-2016q4/bin/../lib/gcc/arm-none-eabi/6.2.1/thumb/v7e-m/fpv4-sp/hard/crtbegin.o
 .eh_frame      0x0000000000002f60        0x4 /usr/local/gcc-arm-none-eabi-6_2-2016q4/bin/../lib/gcc/arm-none-eabi/6.2.1/thumb/v7e-m/fpv4-sp/hard/crtend.o

.glue_7         0x0000000000002f64        0x0
 .glue_7        0x0000000000002f64        0x0 linker stubs

.glue_7t        0x0000000000002f64        0x0
 .glue_7t       0x0000000000002f64        0x0 linker stubs

.vfp11_veneer   0x0000000000002f64        0x0
 .vfp11_veneer  0x0000000000002f64        0x0 linker stubs

.v4_bx          0x0000000000002f64        0x0
 .v4_bx         0x0000000000002f64        0x0 linker stubs

.iplt           0x0000000000002f64        0x0
 .iplt          0x0000000000002f64        0x0 /usr/local/gcc-arm-none-eabi-6_2-2016q4/bin/../lib/gcc/arm-none-eabi/6.2.1/thumb/v7e-m/fpv4-sp/hard/crtbegin.o

.ARM.extab
 *(.ARM.extab* .gnu.linkonce.armextab.*)
                0x0000000000002f64                __exidx_start = .

.ARM.exidx      0x0000000000002f64        0x8
 *(.ARM.exidx* .gnu.linkonce.armexidx.*)
 .ARM.exidx     0x0000000000002f64        0x8 /usr/local/gcc-arm-none-eabi-6_2-2016q4/bin/../lib/gcc/arm-none-eabi/6.2.1/../../../../arm-none-eabi/lib/thumb/v7e-m/fpv4-sp/hard/crt0.o
                0x0000000000002f6c                __exidx_end = .
                0x0000000000002f6c                __etext = .

.rel.dyn        0x0000000000002f6c        0x0
 .rel.iplt      0x0000000000002f6c        0x0 /usr/local/gcc-arm-none-eabi-6_2-2016q4/bin/../lib/gcc/arm-none-eabi/6.2.1/thumb/v7e-m/fpv4-sp/hard/crtbegin.o

.data           0x0000000020000000       0x74 load address 0x0000000000002f6c
                0x0000000020000000                __data_start__ = .
 *(vtable)
 *(.data*)
 .data.impure_data
                0x0000000020000000       0x60 /usr/local/gcc-arm-none-eabi-6_2-2016q4/bin/../lib/gcc/arm-none-eabi/6.2.1/../../../../arm-none-eabi/lib/thumb/v7e-m/fpv4-sp/hard/libc_nano.a(lib_a-impure.o)
 .data.xNextTaskUnblockTime
                0x0000000020000060        0x4 _build/nrf52832_xxaa_tasks.c.o
 .data.SystemCoreClock
                0x0000000020000064        0x4 _build/nrf52832_xxaa_system_nrf52.c.o
                0x0000000020000064                SystemCoreClock
                0x0000000020000068                . = ALIGN (0x4)
                0x0000000020000068                PROVIDE (__preinit_array_start, .)
 *(.preinit_array)
                0x0000000020000068                PROVIDE (__preinit_array_end, .)
                0x0000000020000068                . = ALIGN (0x4)
                0x0000000020000068                PROVIDE (__init_array_start, .)
 *(SORT(.init_array.*))
 *(.init_array)
 .init_array    0x0000000020000068        0x4 /usr/local/gcc-arm-none-eabi-6_2-2016q4/bin/../lib/gcc/arm-none-eabi/6.2.1/thumb/v7e-m/fpv4-sp/hard/crtbegin.o
                0x000000002000006c                PROVIDE (__init_array_end, .)
                0x000000002000006c                . = ALIGN (0x4)
                [!provide]                        PROVIDE (__fini_array_start, .)
 *(SORT(.fini_array.*))
 *(.fini_array)
 .fini_array    0x000000002000006c        0x4 /usr/local/gcc-arm-none-eabi-6_2-2016q4/bin/../lib/gcc/arm-none-eabi/6.2.1/thumb/v7e-m/fpv4-sp/hard/crtbegin.o
                [!provide]                        PROVIDE (__fini_array_end, .)
 *(.jcr*)
 .jcr           0x0000000020000070        0x0 /usr/local/gcc-arm-none-eabi-6_2-2016q4/bin/../lib/gcc/arm-none-eabi/6.2.1/thumb/v7e-m/fpv4-sp/hard/crtbegin.o
 .jcr           0x0000000020000070        0x4 /usr/local/gcc-arm-none-eabi-6_2-2016q4/bin/../lib/gcc/arm-none-eabi/6.2.1/thumb/v7e-m/fpv4-sp/hard/crtend.o
                0x0000000020000074                . = ALIGN (0x4)
                0x0000000020000074                __data_end__ = .
LOAD /usr/local/gcc-arm-none-eabi-6_2-2016q4/bin/../lib/gcc/arm-none-eabi/6.2.1/thumb/v7e-m/fpv4-sp/hard/crti.o
LOAD /usr/local/gcc-arm-none-eabi-6_2-2016q4/bin/../lib/gcc/arm-none-eabi/6.2.1/thumb/v7e-m/fpv4-sp/hard/crtbegin.o
LOAD /usr/local/gcc-arm-none-eabi-6_2-2016q4/bin/../lib/gcc/arm-none-eabi/6.2.1/../../../../arm-none-eabi/lib/thumb/v7e-m/fpv4-sp/hard/crt0.o
LOAD /usr/local/gcc-arm-none-eabi-6_2-2016q4/bin/../lib/gcc/arm-none-eabi/6.2.1/../../../../arm-none-eabi/lib/thumb/v7e-m/fpv4-sp/hard/libc_nano.a
LOAD /usr/local/gcc-arm-none-eabi-6_2-2016q4/bin/../lib/gcc/arm-none-eabi/6.2.1/../../../../arm-none-eabi/lib/thumb/v7e-m/fpv4-sp/hard/libnosys.a
LOAD _build/nrf52832_xxaa_nrf_log_backend_serial.c.o
LOAD _build/nrf52832_xxaa_nrf_log_frontend.c.o
LOAD _build/nrf52832_xxaa_app_button.c.o
LOAD _build/nrf52832_xxaa_app_error.c.o
LOAD _build/nrf52832_xxaa_app_error_weak.c.o
LOAD _build/nrf52832_xxaa_app_timer_freertos.c.o
LOAD _build/nrf52832_xxaa_app_util_platform.c.o
LOAD _build/nrf52832_xxaa_nrf_assert.c.o
LOAD _build/nrf52832_xxaa_sdk_errors.c.o
LOAD _build/nrf52832_xxaa_croutine.c.o
LOAD _build/nrf52832_xxaa_event_groups.c.o
LOAD _build/nrf52832_xxaa_heap_1.c.o
LOAD _build/nrf52832_xxaa_list.c.o
LOAD _build/nrf52832_xxaa_port.c.o
LOAD _build/nrf52832_xxaa_port_cmsis.c.o
LOAD _build/nrf52832_xxaa_port_cmsis_systick.c.o
LOAD _build/nrf52832_xxaa_queue.c.o
LOAD _build/nrf52832_xxaa_tasks.c.o
LOAD _build/nrf52832_xxaa_timers.c.o
LOAD _build/nrf52832_xxaa_boards.c.o
LOAD _build/nrf52832_xxaa_nrf_drv_clock.c.o
LOAD _build/nrf52832_xxaa_nrf_drv_common.c.o
LOAD _build/nrf52832_xxaa_nrf_drv_gpiote.c.o
LOAD _build/nrf52832_xxaa_nrf_drv_uart.c.o
LOAD _build/nrf52832_xxaa_nrf_nvic.c.o
LOAD _build/nrf52832_xxaa_nrf_soc.c.o
LOAD _build/nrf52832_xxaa_bsp.c.o
LOAD _build/nrf52832_xxaa_bsp_nfc.c.o
LOAD _build/nrf52832_xxaa_main.c.o
LOAD _build/nrf52832_xxaa_RTT_Syscalls_GCC.c.o
LOAD _build/nrf52832_xxaa_SEGGER_RTT.c.o
LOAD _build/nrf52832_xxaa_SEGGER_RTT_printf.c.o
LOAD _build/nrf52832_xxaa_gcc_startup_nrf52.S.o
LOAD _build/nrf52832_xxaa_system_nrf52.c.o
LOAD /usr/local/gcc-arm-none-eabi-6_2-2016q4/bin/../lib/gcc/arm-none-eabi/6.2.1/../../../../arm-none-eabi/lib/thumb/v7e-m/fpv4-sp/hard/libm.a
START GROUP
LOAD /usr/local/gcc-arm-none-eabi-6_2-2016q4/bin/../lib/gcc/arm-none-eabi/6.2.1/thumb/v7e-m/fpv4-sp/hard/libgcc.a
LOAD /usr/local/gcc-arm-none-eabi-6_2-2016q4/bin/../lib/gcc/arm-none-eabi/6.2.1/../../../../arm-none-eabi/lib/thumb/v7e-m/fpv4-sp/hard/libc_nano.a
END GROUP
START GROUP
LOAD /usr/local/gcc-arm-none-eabi-6_2-2016q4/bin/../lib/gcc/arm-none-eabi/6.2.1/thumb/v7e-m/fpv4-sp/hard/libgcc.a
LOAD /usr/local/gcc-arm-none-eabi-6_2-2016q4/bin/../lib/gcc/arm-none-eabi/6.2.1/../../../../arm-none-eabi/lib/thumb/v7e-m/fpv4-sp/hard/libc_nano.a
END GROUP
LOAD /usr/local/gcc-arm-none-eabi-6_2-2016q4/bin/../lib/gcc/arm-none-eabi/6.2.1/thumb/v7e-m/fpv4-sp/hard/crtend.o
LOAD /usr/local/gcc-arm-none-eabi-6_2-2016q4/bin/../lib/gcc/arm-none-eabi/6.2.1/thumb/v7e-m/fpv4-sp/hard/crtn.o
START GROUP
LOAD /usr/local/gcc-arm-none-eabi-6_2-2016q4/bin/../lib/gcc/arm-none-eabi/6.2.1/thumb/v7e-m/fpv4-sp/hard/libgcc.a
LOAD /usr/local/gcc-arm-none-eabi-6_2-2016q4/bin/../lib/gcc/arm-none-eabi/6.2.1/../../../../arm-none-eabi/lib/thumb/v7e-m/fpv4-sp/hard/libc.a
LOAD /usr/local/gcc-arm-none-eabi-6_2-2016q4/bin/../lib/gcc/arm-none-eabi/6.2.1/../../../../arm-none-eabi/lib/thumb/v7e-m/fpv4-sp/hard/libnosys.a
END GROUP

.igot.plt       0x0000000020000074        0x0 load address 0x0000000000002fe0
 .igot.plt      0x0000000020000074        0x0 /usr/local/gcc-arm-none-eabi-6_2-2016q4/bin/../lib/gcc/arm-none-eabi/6.2.1/thumb/v7e-m/fpv4-sp/hard/crtbegin.o

.fs_data        0x0000000020000074        0x0
                [!provide]                        PROVIDE (__start_fs_data, .)
 *(.fs_data)
                [!provide]                        PROVIDE (__stop_fs_data, .)

.pwr_mgmt_data  0x0000000020000074        0x0
                [!provide]                        PROVIDE (__start_pwr_mgmt_data, .)
 *(.pwr_mgmt_data)
                [!provide]                        PROVIDE (__stop_pwr_mgmt_data, .)

.bss            0x0000000020000074     0x11e4 load address 0x0000000000002fe0
                0x0000000020000074                . = ALIGN (0x4)
                0x0000000020000074                __bss_start__ = .
 *(.bss*)
 .bss           0x0000000020000074       0x1c /usr/local/gcc-arm-none-eabi-6_2-2016q4/bin/../lib/gcc/arm-none-eabi/6.2.1/thumb/v7e-m/fpv4-sp/hard/crtbegin.o
 .bss.m_in_critical_region
                0x0000000020000090        0x4 _build/nrf52832_xxaa_app_util_platform.c.o
 .bss.pucAlignedHeap.8201
                0x0000000020000094        0x4 _build/nrf52832_xxaa_heap_1.c.o
 .bss.ucHeap    0x0000000020000098     0x1000 _build/nrf52832_xxaa_heap_1.c.o
 .bss.xNextFreeByte
                0x0000000020001098        0x4 _build/nrf52832_xxaa_heap_1.c.o
 .bss.uxCriticalNesting
                0x000000002000109c        0x4 _build/nrf52832_xxaa_port_cmsis.c.o
 .bss.pxCurrentTCB
                0x00000000200010a0        0x4 _build/nrf52832_xxaa_tasks.c.o
                0x00000000200010a0                pxCurrentTCB
 .bss.pxDelayedTaskList
                0x00000000200010a4        0x4 _build/nrf52832_xxaa_tasks.c.o
 .bss.pxOverflowDelayedTaskList
                0x00000000200010a8        0x4 _build/nrf52832_xxaa_tasks.c.o
 .bss.pxReadyTasksLists
                0x00000000200010ac       0x3c _build/nrf52832_xxaa_tasks.c.o
 .bss.uxCurrentNumberOfTasks
                0x00000000200010e8        0x4 _build/nrf52832_xxaa_tasks.c.o
 .bss.uxPendedTicks
                0x00000000200010ec        0x4 _build/nrf52832_xxaa_tasks.c.o
 .bss.uxSchedulerSuspended
                0x00000000200010f0        0x4 _build/nrf52832_xxaa_tasks.c.o
 .bss.uxTaskNumber
                0x00000000200010f4        0x4 _build/nrf52832_xxaa_tasks.c.o
 .bss.uxTasksDeleted
                0x00000000200010f8        0x4 _build/nrf52832_xxaa_tasks.c.o
 .bss.uxTopReadyPriority
                0x00000000200010fc        0x4 _build/nrf52832_xxaa_tasks.c.o
 .bss.xDelayedTaskList1
                0x0000000020001100       0x14 _build/nrf52832_xxaa_tasks.c.o
 .bss.xDelayedTaskList2
                0x0000000020001114       0x14 _build/nrf52832_xxaa_tasks.c.o
 .bss.xIdleTaskHandle
                0x0000000020001128        0x4 _build/nrf52832_xxaa_tasks.c.o
 .bss.xNumOfOverflows
                0x000000002000112c        0x4 _build/nrf52832_xxaa_tasks.c.o
 .bss.xPendingReadyList
                0x0000000020001130       0x14 _build/nrf52832_xxaa_tasks.c.o
 .bss.xSchedulerRunning
                0x0000000020001144        0x4 _build/nrf52832_xxaa_tasks.c.o
 .bss.xSuspendedTaskList
                0x0000000020001148       0x14 _build/nrf52832_xxaa_tasks.c.o
 .bss.xTasksWaitingTermination
                0x000000002000115c       0x14 _build/nrf52832_xxaa_tasks.c.o
 .bss.xTickCount
                0x0000000020001170        0x4 _build/nrf52832_xxaa_tasks.c.o
 .bss.xYieldPending
                0x0000000020001174        0x4 _build/nrf52832_xxaa_tasks.c.o
 .bss.pxCurrentTimerList
                0x0000000020001178        0x4 _build/nrf52832_xxaa_timers.c.o
 .bss.pxOverflowTimerList
                0x000000002000117c        0x4 _build/nrf52832_xxaa_timers.c.o
 .bss.xActiveTimerList1
                0x0000000020001180       0x14 _build/nrf52832_xxaa_timers.c.o
 .bss.xActiveTimerList2
                0x0000000020001194       0x14 _build/nrf52832_xxaa_timers.c.o
 .bss.xLastTime.8457
                0x00000000200011a8        0x4 _build/nrf52832_xxaa_timers.c.o
 .bss.xTimerQueue
                0x00000000200011ac        0x4 _build/nrf52832_xxaa_timers.c.o
 .bss.xTimerTaskHandle
                0x00000000200011b0        0x4 _build/nrf52832_xxaa_timers.c.o
 .bss.m_clock_cb
                0x00000000200011b4       0x14 _build/nrf52832_xxaa_nrf_drv_clock.c.o
 .bss.m_cb      0x00000000200011c8       0x58 _build/nrf52832_xxaa_nrf_drv_gpiote.c.o
 .bss.m_cb      0x0000000020001220       0x20 _build/nrf52832_xxaa_nrf_drv_uart.c.o
 *(COMMON)
 COMMON         0x0000000020001240       0x10 _build/nrf52832_xxaa_queue.c.o
                0x0000000020001240                xQueueRegistry
 COMMON         0x0000000020001250        0x8 _build/nrf52832_xxaa_main.c.o
                0x0000000020001250                led_toggle_timer_handle
                0x0000000020001254                led_toggle_task_handle
                0x0000000020001258                . = ALIGN (0x4)
                0x0000000020001258                __bss_end__ = .

.heap           0x0000000020001258     0x2000
                0x0000000020001258                __HeapBase = .
                0x0000000020001258                __end__ = .
                [!provide]                        PROVIDE (end, .)
 *(.heap*)
 .heap          0x0000000020001258     0x2000 _build/nrf52832_xxaa_gcc_startup_nrf52.S.o
                0x0000000020003258                __HeapLimit = .

.stack_dummy    0x0000000020001258     0x2000
 *(.stack*)
 .stack         0x0000000020001258     0x2000 _build/nrf52832_xxaa_gcc_startup_nrf52.S.o
                0x0000000020010000                __StackTop = (ORIGIN (RAM) + LENGTH (RAM))
                0x000000002000e000                __StackLimit = (__StackTop - SIZEOF (.stack_dummy))
                0x0000000020010000                PROVIDE (__stack, __StackTop)
                0x0000000000000001                ASSERT ((__StackLimit >= __HeapLimit), region RAM overflowed with stack)
OUTPUT(_build/nrf52832_xxaa.out elf32-littlearm)

.ARM.attributes
                0x0000000000000000       0x30
 .ARM.attributes
                0x0000000000000000       0x22 /usr/local/gcc-arm-none-eabi-6_2-2016q4/bin/../lib/gcc/arm-none-eabi/6.2.1/thumb/v7e-m/fpv4-sp/hard/crti.o
 .ARM.attributes
                0x0000000000000022       0x34 /usr/local/gcc-arm-none-eabi-6_2-2016q4/bin/../lib/gcc/arm-none-eabi/6.2.1/thumb/v7e-m/fpv4-sp/hard/crtbegin.o
 .ARM.attributes
                0x0000000000000056       0x20 /usr/local/gcc-arm-none-eabi-6_2-2016q4/bin/../lib/gcc/arm-none-eabi/6.2.1/../../../../arm-none-eabi/lib/thumb/v7e-m/fpv4-sp/hard/crt0.o
 .ARM.attributes
                0x0000000000000076       0x34 /usr/local/gcc-arm-none-eabi-6_2-2016q4/bin/../lib/gcc/arm-none-eabi/6.2.1/../../../../arm-none-eabi/lib/thumb/v7e-m/fpv4-sp/hard/libc_nano.a(lib_a-exit.o)
 .ARM.attributes
                0x00000000000000aa       0x34 /usr/local/gcc-arm-none-eabi-6_2-2016q4/bin/../lib/gcc/arm-none-eabi/6.2.1/../../../../arm-none-eabi/lib/thumb/v7e-m/fpv4-sp/hard/libc_nano.a(lib_a-impure.o)
 .ARM.attributes
                0x00000000000000de       0x34 /usr/local/gcc-arm-none-eabi-6_2-2016q4/bin/../lib/gcc/arm-none-eabi/6.2.1/../../../../arm-none-eabi/lib/thumb/v7e-m/fpv4-sp/hard/libc_nano.a(lib_a-init.o)
 .ARM.attributes
                0x0000000000000112       0x34 /usr/local/gcc-arm-none-eabi-6_2-2016q4/bin/../lib/gcc/arm-none-eabi/6.2.1/../../../../arm-none-eabi/lib/thumb/v7e-m/fpv4-sp/hard/libc_nano.a(lib_a-memset.o)
 .ARM.attributes
                0x0000000000000146       0x34 /usr/local/gcc-arm-none-eabi-6_2-2016q4/bin/../lib/gcc/arm-none-eabi/6.2.1/../../../../arm-none-eabi/lib/thumb/v7e-m/fpv4-sp/hard/libnosys.a(_exit.o)
 .ARM.attributes
                0x000000000000017a       0x39 _build/nrf52832_xxaa_app_error.c.o
 .ARM.attributes
                0x00000000000001b3       0x39 _build/nrf52832_xxaa_app_error_weak.c.o
 .ARM.attributes
                0x00000000000001ec       0x39 _build/nrf52832_xxaa_app_util_platform.c.o
 .ARM.attributes
                0x0000000000000225       0x39 _build/nrf52832_xxaa_heap_1.c.o
 .ARM.attributes
                0x000000000000025e       0x39 _build/nrf52832_xxaa_list.c.o
 .ARM.attributes
                0x0000000000000297       0x39 _build/nrf52832_xxaa_port.c.o
 .ARM.attributes
                0x00000000000002d0       0x39 _build/nrf52832_xxaa_port_cmsis.c.o
 .ARM.attributes
                0x0000000000000309       0x39 _build/nrf52832_xxaa_port_cmsis_systick.c.o
 .ARM.attributes
                0x0000000000000342       0x39 _build/nrf52832_xxaa_queue.c.o
 .ARM.attributes
                0x000000000000037b       0x39 _build/nrf52832_xxaa_tasks.c.o
 .ARM.attributes
                0x00000000000003b4       0x39 _build/nrf52832_xxaa_timers.c.o
 .ARM.attributes
                0x00000000000003ed       0x39 _build/nrf52832_xxaa_boards.c.o
 .ARM.attributes
                0x0000000000000426       0x39 _build/nrf52832_xxaa_nrf_drv_clock.c.o
 .ARM.attributes
                0x000000000000045f       0x39 _build/nrf52832_xxaa_nrf_drv_common.c.o
 .ARM.attributes
                0x0000000000000498       0x39 _build/nrf52832_xxaa_nrf_drv_gpiote.c.o
 .ARM.attributes
                0x00000000000004d1       0x39 _build/nrf52832_xxaa_nrf_drv_uart.c.o
 .ARM.attributes
                0x000000000000050a       0x39 _build/nrf52832_xxaa_main.c.o
 .ARM.attributes
                0x0000000000000543       0x1c _build/nrf52832_xxaa_gcc_startup_nrf52.S.o
 .ARM.attributes
                0x000000000000055f       0x39 _build/nrf52832_xxaa_system_nrf52.c.o
 .ARM.attributes
                0x0000000000000598       0x34 /usr/local/gcc-arm-none-eabi-6_2-2016q4/bin/../lib/gcc/arm-none-eabi/6.2.1/../../../../arm-none-eabi/lib/thumb/v7e-m/fpv4-sp/hard/libc_nano.a(lib_a-memcpy-stub.o)
 .ARM.attributes
                0x00000000000005cc       0x34 /usr/local/gcc-arm-none-eabi-6_2-2016q4/bin/../lib/gcc/arm-none-eabi/6.2.1/thumb/v7e-m/fpv4-sp/hard/crtend.o
 .ARM.attributes
                0x0000000000000600       0x22 /usr/local/gcc-arm-none-eabi-6_2-2016q4/bin/../lib/gcc/arm-none-eabi/6.2.1/thumb/v7e-m/fpv4-sp/hard/crtn.o

.comment        0x0000000000000000       0x6e
 .comment       0x0000000000000000       0x6e _build/nrf52832_xxaa_app_error.c.o
                                         0x6f (size before relaxing)
 .comment       0x000000000000006e       0x6f _build/nrf52832_xxaa_app_error_weak.c.o
 .comment       0x000000000000006e       0x6f _build/nrf52832_xxaa_app_util_platform.c.o
 .comment       0x000000000000006e       0x6f _build/nrf52832_xxaa_heap_1.c.o
 .comment       0x000000000000006e       0x6f _build/nrf52832_xxaa_list.c.o
 .comment       0x000000000000006e       0x6f _build/nrf52832_xxaa_port.c.o
 .comment       0x000000000000006e       0x6f _build/nrf52832_xxaa_port_cmsis.c.o
 .comment       0x000000000000006e       0x6f _build/nrf52832_xxaa_port_cmsis_systick.c.o
 .comment       0x000000000000006e       0x6f _build/nrf52832_xxaa_queue.c.o
 .comment       0x000000000000006e       0x6f _build/nrf52832_xxaa_tasks.c.o
 .comment       0x000000000000006e       0x6f _build/nrf52832_xxaa_timers.c.o
 .comment       0x000000000000006e       0x6f _build/nrf52832_xxaa_boards.c.o
 .comment       0x000000000000006e       0x6f _build/nrf52832_xxaa_nrf_drv_clock.c.o
 .comment       0x000000000000006e       0x6f _build/nrf52832_xxaa_nrf_drv_common.c.o
 .comment       0x000000000000006e       0x6f _build/nrf52832_xxaa_nrf_drv_gpiote.c.o
 .comment       0x000000000000006e       0x6f _build/nrf52832_xxaa_nrf_drv_uart.c.o
 .comment       0x000000000000006e       0x6f _build/nrf52832_xxaa_main.c.o
 .comment       0x000000000000006e       0x6f _build/nrf52832_xxaa_system_nrf52.c.o

.debug_frame    0x0000000000000000     0x1408
 .debug_frame   0x0000000000000000       0x28 /usr/local/gcc-arm-none-eabi-6_2-2016q4/bin/../lib/gcc/arm-none-eabi/6.2.1/../../../../arm-none-eabi/lib/thumb/v7e-m/fpv4-sp/hard/libc_nano.a(lib_a-exit.o)
 .debug_frame   0x0000000000000028       0x2c /usr/local/gcc-arm-none-eabi-6_2-2016q4/bin/../lib/gcc/arm-none-eabi/6.2.1/../../../../arm-none-eabi/lib/thumb/v7e-m/fpv4-sp/hard/libc_nano.a(lib_a-init.o)
 .debug_frame   0x0000000000000054       0x20 /usr/local/gcc-arm-none-eabi-6_2-2016q4/bin/../lib/gcc/arm-none-eabi/6.2.1/../../../../arm-none-eabi/lib/thumb/v7e-m/fpv4-sp/hard/libc_nano.a(lib_a-memset.o)
 .debug_frame   0x0000000000000074       0x20 /usr/local/gcc-arm-none-eabi-6_2-2016q4/bin/../lib/gcc/arm-none-eabi/6.2.1/../../../../arm-none-eabi/lib/thumb/v7e-m/fpv4-sp/hard/libnosys.a(_exit.o)
 .debug_frame   0x0000000000000094       0x70 _build/nrf52832_xxaa_app_error.c.o
 .debug_frame   0x0000000000000104       0x20 _build/nrf52832_xxaa_app_error_weak.c.o
 .debug_frame   0x0000000000000124       0x50 _build/nrf52832_xxaa_app_util_platform.c.o
 .debug_frame   0x0000000000000174       0x5c _build/nrf52832_xxaa_heap_1.c.o
 .debug_frame   0x00000000000001d0       0x70 _build/nrf52832_xxaa_list.c.o
 .debug_frame   0x0000000000000240       0x40 _build/nrf52832_xxaa_port.c.o
 .debug_frame   0x0000000000000280       0x84 _build/nrf52832_xxaa_port_cmsis.c.o
 .debug_frame   0x0000000000000304       0x70 _build/nrf52832_xxaa_port_cmsis_systick.c.o
 .debug_frame   0x0000000000000374      0x278 _build/nrf52832_xxaa_queue.c.o
 .debug_frame   0x00000000000005ec      0x544 _build/nrf52832_xxaa_tasks.c.o
 .debug_frame   0x0000000000000b30      0x17c _build/nrf52832_xxaa_timers.c.o
 .debug_frame   0x0000000000000cac      0x104 _build/nrf52832_xxaa_boards.c.o
 .debug_frame   0x0000000000000db0      0x140 _build/nrf52832_xxaa_nrf_drv_clock.c.o
 .debug_frame   0x0000000000000ef0       0x3c _build/nrf52832_xxaa_nrf_drv_common.c.o
 .debug_frame   0x0000000000000f2c      0x268 _build/nrf52832_xxaa_nrf_drv_gpiote.c.o
 .debug_frame   0x0000000000001194      0x1b0 _build/nrf52832_xxaa_nrf_drv_uart.c.o
 .debug_frame   0x0000000000001344       0x54 _build/nrf52832_xxaa_main.c.o
 .debug_frame   0x0000000000001398       0x48 _build/nrf52832_xxaa_system_nrf52.c.o
 .debug_frame   0x00000000000013e0       0x28 /usr/local/gcc-arm-none-eabi-6_2-2016q4/bin/../lib/gcc/arm-none-eabi/6.2.1/../../../../arm-none-eabi/lib/thumb/v7e-m/fpv4-sp/hard/libc_nano.a(lib_a-memcpy-stub.o)

.debug_info     0x0000000000000000    0x1abf3
 .debug_info    0x0000000000000000      0xb6a _build/nrf52832_xxaa_app_error.c.o
 .debug_info    0x0000000000000b6a      0xb4c _build/nrf52832_xxaa_app_error_weak.c.o
 .debug_info    0x00000000000016b6      0xa18 _build/nrf52832_xxaa_app_util_platform.c.o
 .debug_info    0x00000000000020ce      0xa0a _build/nrf52832_xxaa_heap_1.c.o
 .debug_info    0x0000000000002ad8      0xaf4 _build/nrf52832_xxaa_list.c.o
 .debug_info    0x00000000000035cc      0x91f _build/nrf52832_xxaa_port.c.o
 .debug_info    0x0000000000003eeb     0x1074 _build/nrf52832_xxaa_port_cmsis.c.o
 .debug_info    0x0000000000004f5f     0x161b _build/nrf52832_xxaa_port_cmsis_systick.c.o
 .debug_info    0x000000000000657a     0x2416 _build/nrf52832_xxaa_queue.c.o
 .debug_info    0x0000000000008990     0x338d _build/nrf52832_xxaa_tasks.c.o
 .debug_info    0x000000000000bd1d     0x1d37 _build/nrf52832_xxaa_timers.c.o
 .debug_info    0x000000000000da54     0x13fc _build/nrf52832_xxaa_boards.c.o
 .debug_info    0x000000000000ee50     0x194a _build/nrf52832_xxaa_nrf_drv_clock.c.o
 .debug_info    0x000000000001079a      0xe7b _build/nrf52832_xxaa_nrf_drv_common.c.o
 .debug_info    0x0000000000011615     0x2fb2 _build/nrf52832_xxaa_nrf_drv_gpiote.c.o
 .debug_info    0x00000000000145c7     0x4b41 _build/nrf52832_xxaa_nrf_drv_uart.c.o
 .debug_info    0x0000000000019108      0xd15 _build/nrf52832_xxaa_main.c.o
 .debug_info    0x0000000000019e1d      0xdd6 _build/nrf52832_xxaa_system_nrf52.c.o

.debug_abbrev   0x0000000000000000     0x39b3
 .debug_abbrev  0x0000000000000000      0x235 _build/nrf52832_xxaa_app_error.c.o
 .debug_abbrev  0x0000000000000235      0x21c _build/nrf52832_xxaa_app_error_weak.c.o
 .debug_abbrev  0x0000000000000451      0x249 _build/nrf52832_xxaa_app_util_platform.c.o
 .debug_abbrev  0x000000000000069a      0x262 _build/nrf52832_xxaa_heap_1.c.o
 .debug_abbrev  0x00000000000008fc      0x223 _build/nrf52832_xxaa_list.c.o
 .debug_abbrev  0x0000000000000b1f      0x1b1 _build/nrf52832_xxaa_port.c.o
 .debug_abbrev  0x0000000000000cd0      0x36b _build/nrf52832_xxaa_port_cmsis.c.o
 .debug_abbrev  0x000000000000103b      0x3e0 _build/nrf52832_xxaa_port_cmsis_systick.c.o
 .debug_abbrev  0x000000000000141b      0x3f4 _build/nrf52832_xxaa_queue.c.o
 .debug_abbrev  0x000000000000180f      0x4d4 _build/nrf52832_xxaa_tasks.c.o
 .debug_abbrev  0x0000000000001ce3      0x3f8 _build/nrf52832_xxaa_timers.c.o
 .debug_abbrev  0x00000000000020db      0x382 _build/nrf52832_xxaa_boards.c.o
 .debug_abbrev  0x000000000000245d      0x4be _build/nrf52832_xxaa_nrf_drv_clock.c.o
 .debug_abbrev  0x000000000000291b      0x2ae _build/nrf52832_xxaa_nrf_drv_common.c.o
 .debug_abbrev  0x0000000000002bc9      0x500 _build/nrf52832_xxaa_nrf_drv_gpiote.c.o
 .debug_abbrev  0x00000000000030c9      0x495 _build/nrf52832_xxaa_nrf_drv_uart.c.o
 .debug_abbrev  0x000000000000355e      0x273 _build/nrf52832_xxaa_main.c.o
 .debug_abbrev  0x00000000000037d1      0x1e2 _build/nrf52832_xxaa_system_nrf52.c.o

.debug_loc      0x0000000000000000     0xa180
 .debug_loc     0x0000000000000000      0x145 _build/nrf52832_xxaa_app_error.c.o
 .debug_loc     0x0000000000000145       0x42 _build/nrf52832_xxaa_app_error_weak.c.o
 .debug_loc     0x0000000000000187       0xae _build/nrf52832_xxaa_heap_1.c.o
 .debug_loc     0x0000000000000235       0x70 _build/nrf52832_xxaa_list.c.o
 .debug_loc     0x00000000000002a5       0xa5 _build/nrf52832_xxaa_port_cmsis.c.o
 .debug_loc     0x000000000000034a      0x496 _build/nrf52832_xxaa_port_cmsis_systick.c.o
 .debug_loc     0x00000000000007e0     0x11ef _build/nrf52832_xxaa_queue.c.o
 .debug_loc     0x00000000000019cf     0x1ee1 _build/nrf52832_xxaa_tasks.c.o
 .debug_loc     0x00000000000038b0      0xe0d _build/nrf52832_xxaa_timers.c.o
 .debug_loc     0x00000000000046bd      0x845 _build/nrf52832_xxaa_boards.c.o
 .debug_loc     0x0000000000004f02      0x406 _build/nrf52832_xxaa_nrf_drv_clock.c.o
 .debug_loc     0x0000000000005308       0xea _build/nrf52832_xxaa_nrf_drv_common.c.o
 .debug_loc     0x00000000000053f2     0x24de _build/nrf52832_xxaa_nrf_drv_gpiote.c.o
 .debug_loc     0x00000000000078d0     0x2850 _build/nrf52832_xxaa_nrf_drv_uart.c.o
 .debug_loc     0x000000000000a120       0x60 _build/nrf52832_xxaa_main.c.o

.debug_aranges  0x0000000000000000      0x718
 .debug_aranges
                0x0000000000000000       0x30 _build/nrf52832_xxaa_app_error.c.o
 .debug_aranges
                0x0000000000000030       0x20 _build/nrf52832_xxaa_app_error_weak.c.o
 .debug_aranges
                0x0000000000000050       0x38 _build/nrf52832_xxaa_app_util_platform.c.o
 .debug_aranges
                0x0000000000000088       0x38 _build/nrf52832_xxaa_heap_1.c.o
 .debug_aranges
                0x00000000000000c0       0x40 _build/nrf52832_xxaa_list.c.o
 .debug_aranges
                0x0000000000000100       0x30 _build/nrf52832_xxaa_port.c.o
 .debug_aranges
                0x0000000000000130       0x48 _build/nrf52832_xxaa_port_cmsis.c.o
 .debug_aranges
                0x0000000000000178       0x30 _build/nrf52832_xxaa_port_cmsis_systick.c.o
 .debug_aranges
                0x00000000000001a8       0xc0 _build/nrf52832_xxaa_queue.c.o
 .debug_aranges
                0x0000000000000268      0x178 _build/nrf52832_xxaa_tasks.c.o
 .debug_aranges
                0x00000000000003e0       0x70 _build/nrf52832_xxaa_timers.c.o
 .debug_aranges
                0x0000000000000450       0x80 _build/nrf52832_xxaa_boards.c.o
 .debug_aranges
                0x00000000000004d0       0x80 _build/nrf52832_xxaa_nrf_drv_clock.c.o
 .debug_aranges
                0x0000000000000550       0x28 _build/nrf52832_xxaa_nrf_drv_common.c.o
 .debug_aranges
                0x0000000000000578       0xd8 _build/nrf52832_xxaa_nrf_drv_gpiote.c.o
 .debug_aranges
                0x0000000000000650       0x70 _build/nrf52832_xxaa_nrf_drv_uart.c.o
 .debug_aranges
                0x00000000000006c0       0x30 _build/nrf52832_xxaa_main.c.o
 .debug_aranges
                0x00000000000006f0       0x28 _build/nrf52832_xxaa_system_nrf52.c.o

.debug_ranges   0x0000000000000000     0x2650
 .debug_ranges  0x0000000000000000       0x20 _build/nrf52832_xxaa_app_error.c.o
 .debug_ranges  0x0000000000000020       0x10 _build/nrf52832_xxaa_app_error_weak.c.o
 .debug_ranges  0x0000000000000030       0x28 _build/nrf52832_xxaa_app_util_platform.c.o
 .debug_ranges  0x0000000000000058       0x28 _build/nrf52832_xxaa_heap_1.c.o
 .debug_ranges  0x0000000000000080       0x30 _build/nrf52832_xxaa_list.c.o
 .debug_ranges  0x00000000000000b0       0x20 _build/nrf52832_xxaa_port.c.o
 .debug_ranges  0x00000000000000d0       0x50 _build/nrf52832_xxaa_port_cmsis.c.o
 .debug_ranges  0x0000000000000120      0x210 _build/nrf52832_xxaa_port_cmsis_systick.c.o
 .debug_ranges  0x0000000000000330      0x230 _build/nrf52832_xxaa_queue.c.o
 .debug_ranges  0x0000000000000560      0x648 _build/nrf52832_xxaa_tasks.c.o
 .debug_ranges  0x0000000000000ba8      0x228 _build/nrf52832_xxaa_timers.c.o
 .debug_ranges  0x0000000000000dd0      0x178 _build/nrf52832_xxaa_boards.c.o
 .debug_ranges  0x0000000000000f48      0x2b8 _build/nrf52832_xxaa_nrf_drv_clock.c.o
 .debug_ranges  0x0000000000001200       0x38 _build/nrf52832_xxaa_nrf_drv_common.c.o
 .debug_ranges  0x0000000000001238      0xaa8 _build/nrf52832_xxaa_nrf_drv_gpiote.c.o
 .debug_ranges  0x0000000000001ce0      0x830 _build/nrf52832_xxaa_nrf_drv_uart.c.o
 .debug_ranges  0x0000000000002510       0x38 _build/nrf52832_xxaa_main.c.o
 .debug_ranges  0x0000000000002548      0x108 _build/nrf52832_xxaa_system_nrf52.c.o

.debug_macro    0x0000000000000000     0x4234
 .debug_macro   0x0000000000000000      0x2a6 _build/nrf52832_xxaa_app_error.c.o
 .debug_macro   0x00000000000002a6       0x35 _build/nrf52832_xxaa_app_error.c.o
 .debug_macro   0x00000000000002db       0x22 _build/nrf52832_xxaa_app_error.c.o
 .debug_macro   0x00000000000002fd       0x16 _build/nrf52832_xxaa_app_error.c.o
 .debug_macro   0x0000000000000313       0x97 _build/nrf52832_xxaa_app_error.c.o
 .debug_macro   0x00000000000003aa       0xf6 _build/nrf52832_xxaa_app_error.c.o
 .debug_macro   0x00000000000004a0       0x22 _build/nrf52832_xxaa_app_error.c.o
 .debug_macro   0x00000000000004c2       0x16 _build/nrf52832_xxaa_app_error.c.o
 .debug_macro   0x00000000000004d8      0x39a _build/nrf52832_xxaa_app_error.c.o
 .debug_macro   0x0000000000000872      0x16c _build/nrf52832_xxaa_app_error.c.o
 .debug_macro   0x00000000000009de       0x59 _build/nrf52832_xxaa_app_error.c.o
 .debug_macro   0x0000000000000a37       0x28 _build/nrf52832_xxaa_app_error.c.o
 .debug_macro   0x0000000000000a5f       0x22 _build/nrf52832_xxaa_app_error.c.o
 .debug_macro   0x0000000000000a81      0x2a6 _build/nrf52832_xxaa_app_error_weak.c.o
 .debug_macro   0x0000000000000d27       0x1c _build/nrf52832_xxaa_app_error_weak.c.o
 .debug_macro   0x0000000000000d43      0x245 _build/nrf52832_xxaa_app_util_platform.c.o
 .debug_macro   0x0000000000000f88       0x74 _build/nrf52832_xxaa_app_util_platform.c.o
 .debug_macro   0x0000000000000ffc      0x2f7 _build/nrf52832_xxaa_heap_1.c.o
 .debug_macro   0x00000000000012f3      0x2d6 _build/nrf52832_xxaa_list.c.o
 .debug_macro   0x00000000000015c9      0x2c6 _build/nrf52832_xxaa_port.c.o
 .debug_macro   0x000000000000188f      0x2f0 _build/nrf52832_xxaa_port_cmsis.c.o
 .debug_macro   0x0000000000001b7f      0x355 _build/nrf52832_xxaa_port_cmsis_systick.c.o
 .debug_macro   0x0000000000001ed4       0x28 _build/nrf52832_xxaa_port_cmsis_systick.c.o
 .debug_macro   0x0000000000001efc       0x10 _build/nrf52832_xxaa_port_cmsis_systick.c.o
 .debug_macro   0x0000000000001f0c       0x22 _build/nrf52832_xxaa_port_cmsis_systick.c.o
 .debug_macro   0x0000000000001f2e      0x348 _build/nrf52832_xxaa_queue.c.o
 .debug_macro   0x0000000000002276       0xb0 _build/nrf52832_xxaa_queue.c.o
 .debug_macro   0x0000000000002326      0x384 _build/nrf52832_xxaa_tasks.c.o
 .debug_macro   0x00000000000026aa       0x16 _build/nrf52832_xxaa_tasks.c.o
 .debug_macro   0x00000000000026c0      0x313 _build/nrf52832_xxaa_timers.c.o
 .debug_macro   0x00000000000029d3      0x29d _build/nrf52832_xxaa_boards.c.o
 .debug_macro   0x0000000000002c70      0x24d _build/nrf52832_xxaa_boards.c.o
 .debug_macro   0x0000000000002ebd      0x115 _build/nrf52832_xxaa_boards.c.o
 .debug_macro   0x0000000000002fd2      0x32d _build/nrf52832_xxaa_nrf_drv_clock.c.o
 .debug_macro   0x00000000000032ff       0x28 _build/nrf52832_xxaa_nrf_drv_clock.c.o
 .debug_macro   0x0000000000003327       0x16 _build/nrf52832_xxaa_nrf_drv_clock.c.o
 .debug_macro   0x000000000000333d      0x2af _build/nrf52832_xxaa_nrf_drv_common.c.o
 .debug_macro   0x00000000000035ec      0x391 _build/nrf52832_xxaa_nrf_drv_gpiote.c.o
 .debug_macro   0x000000000000397d       0x16 _build/nrf52832_xxaa_nrf_drv_gpiote.c.o
 .debug_macro   0x0000000000003993      0x37e _build/nrf52832_xxaa_nrf_drv_uart.c.o
 .debug_macro   0x0000000000003d11       0x10 _build/nrf52832_xxaa_nrf_drv_uart.c.o
 .debug_macro   0x0000000000003d21       0x42 _build/nrf52832_xxaa_nrf_drv_uart.c.o
 .debug_macro   0x0000000000003d63      0x3dc _build/nrf52832_xxaa_main.c.o
 .debug_macro   0x000000000000413f       0xf5 _build/nrf52832_xxaa_system_nrf52.c.o

.debug_line     0x0000000000000000     0xa055
 .debug_line    0x0000000000000000      0x5f5 _build/nrf52832_xxaa_app_error.c.o
 .debug_line    0x00000000000005f5      0x5bc _build/nrf52832_xxaa_app_error_weak.c.o
 .debug_line    0x0000000000000bb1      0x523 _build/nrf52832_xxaa_app_util_platform.c.o
 .debug_line    0x00000000000010d4      0x6d9 _build/nrf52832_xxaa_heap_1.c.o
 .debug_line    0x00000000000017ad      0x6da _build/nrf52832_xxaa_list.c.o
 .debug_line    0x0000000000001e87      0x652 _build/nrf52832_xxaa_port.c.o
 .debug_line    0x00000000000024d9      0x6d6 _build/nrf52832_xxaa_port_cmsis.c.o
 .debug_line    0x0000000000002baf      0x8bb _build/nrf52832_xxaa_port_cmsis_systick.c.o
 .debug_line    0x000000000000346a      0xcce _build/nrf52832_xxaa_queue.c.o
 .debug_line    0x0000000000004138     0x11e0 _build/nrf52832_xxaa_tasks.c.o
 .debug_line    0x0000000000005318      0x8ec _build/nrf52832_xxaa_timers.c.o
 .debug_line    0x0000000000005c04      0x6f8 _build/nrf52832_xxaa_boards.c.o
 .debug_line    0x00000000000062fc      0x91b _build/nrf52832_xxaa_nrf_drv_clock.c.o
 .debug_line    0x0000000000006c17      0x5fd _build/nrf52832_xxaa_nrf_drv_common.c.o
 .debug_line    0x0000000000007214     0x104f _build/nrf52832_xxaa_nrf_drv_gpiote.c.o
 .debug_line    0x0000000000008263     0x1132 _build/nrf52832_xxaa_nrf_drv_uart.c.o
 .debug_line    0x0000000000009395      0x888 _build/nrf52832_xxaa_main.c.o
 .debug_line    0x0000000000009c1d      0x438 _build/nrf52832_xxaa_system_nrf52.c.o

.debug_str      0x0000000000000000    0x70f40
 .debug_str     0x0000000000000000    0x64371 _build/nrf52832_xxaa_app_error.c.o
                                      0x64ed6 (size before relaxing)
 .debug_str     0x0000000000064371       0xd8 _build/nrf52832_xxaa_app_error_weak.c.o
                                      0x64e5f (size before relaxing)
 .debug_str     0x0000000000064449      0x3a3 _build/nrf52832_xxaa_app_util_platform.c.o
                                      0x604bd (size before relaxing)
 .debug_str     0x00000000000647ec     0x32a7 _build/nrf52832_xxaa_heap_1.c.o
                                      0x664df (size before relaxing)
 .debug_str     0x0000000000067a93      0x154 _build/nrf52832_xxaa_list.c.o
                                      0x65f2e (size before relaxing)
 .debug_str     0x0000000000067be7       0x52 _build/nrf52832_xxaa_port.c.o
                                      0x6632d (size before relaxing)
 .debug_str     0x0000000000067c39      0x4a4 _build/nrf52832_xxaa_port_cmsis.c.o
                                      0x66913 (size before relaxing)
 .debug_str     0x00000000000680dd      0xd8f _build/nrf52832_xxaa_port_cmsis_systick.c.o
                                      0x677f6 (size before relaxing)
 .debug_str     0x0000000000068e6c     0x11ff _build/nrf52832_xxaa_queue.c.o
                                      0x677ff (size before relaxing)
 .debug_str     0x000000000006a06b     0x173d _build/nrf52832_xxaa_tasks.c.o
                                      0x68007 (size before relaxing)
 .debug_str     0x000000000006b7a8      0x49b _build/nrf52832_xxaa_timers.c.o
                                      0x67d75 (size before relaxing)
 .debug_str     0x000000000006bc43     0x1427 _build/nrf52832_xxaa_boards.c.o
                                      0x61ca5 (size before relaxing)
 .debug_str     0x000000000006d06a      0x917 _build/nrf52832_xxaa_nrf_drv_clock.c.o
                                      0x65e9d (size before relaxing)
 .debug_str     0x000000000006d981       0x81 _build/nrf52832_xxaa_nrf_drv_common.c.o
                                      0x6438e (size before relaxing)
 .debug_str     0x000000000006da02     0x1616 _build/nrf52832_xxaa_nrf_drv_gpiote.c.o
                                      0x6759b (size before relaxing)
 .debug_str     0x000000000006f018     0x182c _build/nrf52832_xxaa_nrf_drv_uart.c.o
                                      0x6788c (size before relaxing)
 .debug_str     0x0000000000070844      0x487 _build/nrf52832_xxaa_main.c.o
                                      0x68b78 (size before relaxing)
 .debug_str     0x0000000000070ccb      0x275 _build/nrf52832_xxaa_system_nrf52.c.o
                                      0x5bacf (size before relaxing)
