Archive member included to satisfy reference by file (symbol)

/usr/local/gcc-arm-none-eabi-6_2-2016q4/bin/../lib/gcc/arm-none-eabi/6.2.1/../../../../arm-none-eabi/lib/thumb/v6-m/libc_nano.a(lib_a-exit.o)
                              /usr/local/gcc-arm-none-eabi-6_2-2016q4/bin/../lib/gcc/arm-none-eabi/6.2.1/../../../../arm-none-eabi/lib/thumb/v6-m/crt0.o (exit)
/usr/local/gcc-arm-none-eabi-6_2-2016q4/bin/../lib/gcc/arm-none-eabi/6.2.1/../../../../arm-none-eabi/lib/thumb/v6-m/libc_nano.a(lib_a-impure.o)
                              /usr/local/gcc-arm-none-eabi-6_2-2016q4/bin/../lib/gcc/arm-none-eabi/6.2.1/../../../../arm-none-eabi/lib/thumb/v6-m/libc_nano.a(lib_a-exit.o) (_global_impure_ptr)
/usr/local/gcc-arm-none-eabi-6_2-2016q4/bin/../lib/gcc/arm-none-eabi/6.2.1/../../../../arm-none-eabi/lib/thumb/v6-m/libc_nano.a(lib_a-init.o)
                              /usr/local/gcc-arm-none-eabi-6_2-2016q4/bin/../lib/gcc/arm-none-eabi/6.2.1/../../../../arm-none-eabi/lib/thumb/v6-m/crt0.o (__libc_init_array)
/usr/local/gcc-arm-none-eabi-6_2-2016q4/bin/../lib/gcc/arm-none-eabi/6.2.1/../../../../arm-none-eabi/lib/thumb/v6-m/libc_nano.a(lib_a-memset.o)
                              /usr/local/gcc-arm-none-eabi-6_2-2016q4/bin/../lib/gcc/arm-none-eabi/6.2.1/../../../../arm-none-eabi/lib/thumb/v6-m/crt0.o (memset)
/usr/local/gcc-arm-none-eabi-6_2-2016q4/bin/../lib/gcc/arm-none-eabi/6.2.1/../../../../arm-none-eabi/lib/thumb/v6-m/libnosys.a(_exit.o)
                              /usr/local/gcc-arm-none-eabi-6_2-2016q4/bin/../lib/gcc/arm-none-eabi/6.2.1/../../../../arm-none-eabi/lib/thumb/v6-m/libc_nano.a(lib_a-exit.o) (_exit)
/usr/local/gcc-arm-none-eabi-6_2-2016q4/bin/../lib/gcc/arm-none-eabi/6.2.1/thumb/v6-m/libgcc.a(_udivsi3.o)
                              _build/nrf51422_xxac_app_timer_freertos.c.o (__aeabi_uidiv)
/usr/local/gcc-arm-none-eabi-6_2-2016q4/bin/../lib/gcc/arm-none-eabi/6.2.1/thumb/v6-m/libgcc.a(_dvmd_tls.o)
                              /usr/local/gcc-arm-none-eabi-6_2-2016q4/bin/../lib/gcc/arm-none-eabi/6.2.1/thumb/v6-m/libgcc.a(_udivsi3.o) (__aeabi_idiv0)
/usr/local/gcc-arm-none-eabi-6_2-2016q4/bin/../lib/gcc/arm-none-eabi/6.2.1/../../../../arm-none-eabi/lib/thumb/v6-m/libc_nano.a(lib_a-memcpy-stub.o)
                              _build/nrf51422_xxac_queue.c.o (memcpy)
/usr/local/gcc-arm-none-eabi-6_2-2016q4/bin/../lib/gcc/arm-none-eabi/6.2.1/../../../../arm-none-eabi/lib/thumb/v6-m/libc_nano.a(lib_a-strcpy.o)
                              _build/nrf51422_xxac_SEGGER_RTT.c.o (strcpy)
/usr/local/gcc-arm-none-eabi-6_2-2016q4/bin/../lib/gcc/arm-none-eabi/6.2.1/../../../../arm-none-eabi/lib/thumb/v6-m/libc_nano.a(lib_a-strlen.o)
                              _build/nrf51422_xxac_SEGGER_RTT.c.o (strlen)

Allocating common symbols
Common symbol       size              file

led_toggle_timer_handle
                    0x4               _build/nrf51422_xxac_main.c.o
xQueueRegistry      0x10              _build/nrf51422_xxac_queue.c.o
led_toggle_task_handle
                    0x4               _build/nrf51422_xxac_main.c.o
_SEGGER_RTT         0x78              _build/nrf51422_xxac_SEGGER_RTT.c.o

Discarded input sections

 .text          0x0000000000000000        0x0 /usr/local/gcc-arm-none-eabi-6_2-2016q4/bin/../lib/gcc/arm-none-eabi/6.2.1/thumb/v6-m/crti.o
 .data          0x0000000000000000        0x0 /usr/local/gcc-arm-none-eabi-6_2-2016q4/bin/../lib/gcc/arm-none-eabi/6.2.1/thumb/v6-m/crti.o
 .bss           0x0000000000000000        0x0 /usr/local/gcc-arm-none-eabi-6_2-2016q4/bin/../lib/gcc/arm-none-eabi/6.2.1/thumb/v6-m/crti.o
 .data          0x0000000000000000        0x4 /usr/local/gcc-arm-none-eabi-6_2-2016q4/bin/../lib/gcc/arm-none-eabi/6.2.1/thumb/v6-m/crtbegin.o
 .data          0x0000000000000000        0x0 /usr/local/gcc-arm-none-eabi-6_2-2016q4/bin/../lib/gcc/arm-none-eabi/6.2.1/../../../../arm-none-eabi/lib/thumb/v6-m/crt0.o
 .bss           0x0000000000000000        0x0 /usr/local/gcc-arm-none-eabi-6_2-2016q4/bin/../lib/gcc/arm-none-eabi/6.2.1/../../../../arm-none-eabi/lib/thumb/v6-m/crt0.o
 .ARM.extab     0x0000000000000000        0x0 /usr/local/gcc-arm-none-eabi-6_2-2016q4/bin/../lib/gcc/arm-none-eabi/6.2.1/../../../../arm-none-eabi/lib/thumb/v6-m/crt0.o
 .text          0x0000000000000000        0x0 /usr/local/gcc-arm-none-eabi-6_2-2016q4/bin/../lib/gcc/arm-none-eabi/6.2.1/../../../../arm-none-eabi/lib/thumb/v6-m/libc_nano.a(lib_a-exit.o)
 .data          0x0000000000000000        0x0 /usr/local/gcc-arm-none-eabi-6_2-2016q4/bin/../lib/gcc/arm-none-eabi/6.2.1/../../../../arm-none-eabi/lib/thumb/v6-m/libc_nano.a(lib_a-exit.o)
 .bss           0x0000000000000000        0x0 /usr/local/gcc-arm-none-eabi-6_2-2016q4/bin/../lib/gcc/arm-none-eabi/6.2.1/../../../../arm-none-eabi/lib/thumb/v6-m/libc_nano.a(lib_a-exit.o)
 .text          0x0000000000000000        0x0 /usr/local/gcc-arm-none-eabi-6_2-2016q4/bin/../lib/gcc/arm-none-eabi/6.2.1/../../../../arm-none-eabi/lib/thumb/v6-m/libc_nano.a(lib_a-impure.o)
[...]
Memory Configuration

Name             Origin             Length             Attributes
FLASH            0x0000000000000000 0x0000000000040000 xr
RAM              0x0000000020000000 0x0000000000008000 xrw
*default*        0x0000000000000000 0xffffffffffffffff

Linker script and memory map


.text           0x0000000000000000     0x2854
 *(.isr_vector)
 .isr_vector    0x0000000000000000       0xc0 _build/nrf51422_xxac_gcc_startup_nrf51.S.o
                0x0000000000000000                __isr_vector
 *(.text*)
 .text          0x00000000000000c0       0x60 /usr/local/gcc-arm-none-eabi-6_2-2016q4/bin/../lib/gcc/arm-none-eabi/6.2.1/thumb/v6-m/crtbegin.o
 .text          0x0000000000000120       0x78 /usr/local/gcc-arm-none-eabi-6_2-2016q4/bin/../lib/gcc/arm-none-eabi/6.2.1/../../../../arm-none-eabi/lib/thumb/v6-m/crt0.o
                0x0000000000000120                _mainCRTStartup
                0x0000000000000120                _start
 .text.exit     0x0000000000000198       0x2c /usr/local/gcc-arm-none-eabi-6_2-2016q4/bin/../lib/gcc/arm-none-eabi/6.2.1/../../../../arm-none-eabi/lib/thumb/v6-m/libc_nano.a(lib_a-exit.o)
                0x0000000000000198                exit
 .text.__libc_init_array
                0x00000000000001c4       0x48 /usr/local/gcc-arm-none-eabi-6_2-2016q4/bin/../lib/gcc/arm-none-eabi/6.2.1/../../../../arm-none-eabi/lib/thumb/v6-m/libc_nano.a(lib_a-init.o)
                0x00000000000001c4                __libc_init_array
 .text.memset   0x000000000000020c       0x10 /usr/local/gcc-arm-none-eabi-6_2-2016q4/bin/../lib/gcc/arm-none-eabi/6.2.1/../../../../arm-none-eabi/lib/thumb/v6-m/libc_nano.a(lib_a-memset.o)
                0x000000000000020c                memset
 .text._exit    0x000000000000021c        0x4 /usr/local/gcc-arm-none-eabi-6_2-2016q4/bin/../lib/gcc/arm-none-eabi/6.2.1/../../../../arm-none-eabi/lib/thumb/v6-m/libnosys.a(_exit.o)
                0x000000000000021c                _exit
 .text.app_error_handler_bare
                0x0000000000000220       0x20 _build/nrf51422_xxac_app_error.c.o
                0x0000000000000220                app_error_handler_bare
 .text.app_error_fault_handler
                0x0000000000000240       0x1c _build/nrf51422_xxac_app_error_weak.c.o
                0x0000000000000240                app_error_fault_handler
 .text.app_util_critical_region_enter
                0x000000000000025c       0x10 _build/nrf51422_xxac_app_util_platform.c.o
                0x000000000000025c                app_util_critical_region_enter
 .text.app_util_critical_region_exit
                0x000000000000026c       0x14 _build/nrf51422_xxac_app_util_platform.c.o
                0x000000000000026c                app_util_critical_region_exit
 .text.pvPortMalloc
                0x0000000000000280       0x58 _build/nrf51422_xxac_heap_1.c.o
                0x0000000000000280                pvPortMalloc
 .text.vPortFree
                0x00000000000002d8        0x4 _build/nrf51422_xxac_heap_1.c.o
                0x00000000000002d8                vPortFree
 .text.vListInitialise
                0x00000000000002dc       0x18 _build/nrf51422_xxac_list.c.o
                0x00000000000002dc                vListInitialise
 .text.vListInitialiseItem
                0x00000000000002f4        0x8 _build/nrf51422_xxac_list.c.o
                0x00000000000002f4                vListInitialiseItem
 .text.vListInsertEnd
                0x00000000000002fc       0x18 _build/nrf51422_xxac_list.c.o
                0x00000000000002fc                vListInsertEnd
 .text.vListInsert
                0x0000000000000314       0x30 _build/nrf51422_xxac_list.c.o
                0x0000000000000314                vListInsert
 .text.uxListRemove
                0x0000000000000344       0x28 _build/nrf51422_xxac_list.c.o
                0x0000000000000344                uxListRemove
 .text.vPortStartFirstTask
                0x000000000000036c       0x2c _build/nrf51422_xxac_port.c.o
                0x000000000000036c                vPortStartFirstTask
 .text.SVC_Handler
                0x0000000000000398        0x4 _build/nrf51422_xxac_port.c.o
                0x0000000000000398                SVC_Handler
 .text.PendSV_Handler
                0x000000000000039c       0x40 _build/nrf51422_xxac_port.c.o
                0x000000000000039c                PendSV_Handler
 .text.prvTaskExitError
                0x00000000000003dc        0x4 _build/nrf51422_xxac_port_cmsis.c.o
 .text.pxPortInitialiseStack
                0x00000000000003e0       0x20 _build/nrf51422_xxac_port_cmsis.c.o
                0x00000000000003e0                pxPortInitialiseStack
 .text.xPortStartScheduler
                0x0000000000000400       0x38 _build/nrf51422_xxac_port_cmsis.c.o
                0x0000000000000400                xPortStartScheduler
 .text.vPortTaskYield
                0x0000000000000438       0x18 _build/nrf51422_xxac_port_cmsis.c.o
                0x0000000000000438                vPortTaskYield
 .text.vPortEnterCritical
                0x0000000000000450       0x10 _build/nrf51422_xxac_port_cmsis.c.o
                0x0000000000000450                vPortEnterCritical
 .text.vPortExitCritical
                0x0000000000000460       0x14 _build/nrf51422_xxac_port_cmsis.c.o
                0x0000000000000460                vPortExitCritical
 .text.vPortSafeTaskSwitchContext
                0x0000000000000474       0x20 _build/nrf51422_xxac_port_cmsis.c.o
                0x0000000000000474                vPortSafeTaskSwitchContext
 .text.RTC1_IRQHandler
                0x0000000000000494       0x44 _build/nrf51422_xxac_port_cmsis_systick.c.o
                0x0000000000000494                RTC1_IRQHandler
 .text.vPortSetupTimerInterrupt
                0x00000000000004d8       0x4c _build/nrf51422_xxac_port_cmsis_systick.c.o
                0x00000000000004d8                vPortSetupTimerInterrupt
 .text.vPortSuppressTicksAndSleep
                0x0000000000000524       0xc4 _build/nrf51422_xxac_port_cmsis_systick.c.o
                0x0000000000000524                vPortSuppressTicksAndSleep
 .text.xQueueGenericCreate
                0x00000000000005e8       0x68 _build/nrf51422_xxac_queue.c.o
                0x00000000000005e8                xQueueGenericCreate
 .text.xQueueGenericSend
                0x0000000000000650      0x374 _build/nrf51422_xxac_queue.c.o
                0x0000000000000650                xQueueGenericSend
 .text.xQueueGenericSendFromISR
                0x00000000000009c4       0xec _build/nrf51422_xxac_queue.c.o
                0x00000000000009c4                xQueueGenericSendFromISR
 .text.xQueueGenericReceive
                0x0000000000000ab0      0x324 _build/nrf51422_xxac_queue.c.o
                0x0000000000000ab0                xQueueGenericReceive
 .text.vQueueAddToRegistry
                0x0000000000000dd4       0x24 _build/nrf51422_xxac_queue.c.o
                0x0000000000000dd4                vQueueAddToRegistry
 .text.vQueueWaitForMessageRestricted
                0x0000000000000df8       0xd0 _build/nrf51422_xxac_queue.c.o
                0x0000000000000df8                vQueueWaitForMessageRestricted
 .text.xTaskGenericCreate
                0x0000000000000ec8      0x1d8 _build/nrf51422_xxac_tasks.c.o
                0x0000000000000ec8                xTaskGenericCreate
 .text.vTaskStartScheduler
                0x00000000000010a0      0x1a0 _build/nrf51422_xxac_tasks.c.o
                0x00000000000010a0                vTaskStartScheduler
 .text.vTaskSuspendAll
                0x0000000000001240       0x10 _build/nrf51422_xxac_tasks.c.o
                0x0000000000001240                vTaskSuspendAll
 .text.xTaskGetTickCount
                0x0000000000001250        0xc _build/nrf51422_xxac_tasks.c.o
                0x0000000000001250                xTaskGetTickCount
 .text.vTaskStepTick
                0x000000000000125c       0x10 _build/nrf51422_xxac_tasks.c.o
                0x000000000000125c                vTaskStepTick
 .text.xTaskIncrementTick
                0x000000000000126c      0x138 _build/nrf51422_xxac_tasks.c.o
                0x000000000000126c                xTaskIncrementTick
 .text.xTaskResumeAll
                0x00000000000013a4       0xe8 _build/nrf51422_xxac_tasks.c.o
                0x00000000000013a4                xTaskResumeAll
 .text.vTaskDelay
                0x000000000000148c       0x74 _build/nrf51422_xxac_tasks.c.o
                0x000000000000148c                vTaskDelay
 .text.prvIdleTask
                0x0000000000001500       0xec _build/nrf51422_xxac_tasks.c.o
 .text.vTaskSwitchContext
                0x00000000000015ec       0x6c _build/nrf51422_xxac_tasks.c.o
                0x00000000000015ec                vTaskSwitchContext
 .text.vTaskPlaceOnEventList
                0x0000000000001658       0x74 _build/nrf51422_xxac_tasks.c.o
                0x0000000000001658                vTaskPlaceOnEventList
 .text.vTaskPlaceOnEventListRestricted
                0x00000000000016cc       0x60 _build/nrf51422_xxac_tasks.c.o
                0x00000000000016cc                vTaskPlaceOnEventListRestricted
 .text.xTaskRemoveFromEventList
                0x000000000000172c       0xa0 _build/nrf51422_xxac_tasks.c.o
                0x000000000000172c                xTaskRemoveFromEventList
 .text.vTaskSetTimeOutState
                0x00000000000017cc       0x18 _build/nrf51422_xxac_tasks.c.o
                0x00000000000017cc                vTaskSetTimeOutState
 .text.xTaskCheckForTimeOut
                0x00000000000017e4       0x58 _build/nrf51422_xxac_tasks.c.o
                0x00000000000017e4                xTaskCheckForTimeOut
 .text.vTaskMissedYield
                0x000000000000183c        0xc _build/nrf51422_xxac_tasks.c.o
                0x000000000000183c                vTaskMissedYield
 .text.eTaskConfirmSleepModeStatus
                0x0000000000001848       0x20 _build/nrf51422_xxac_tasks.c.o
                0x0000000000001848                eTaskConfirmSleepModeStatus
 .text.xTaskGetSchedulerState
                0x0000000000001868       0x20 _build/nrf51422_xxac_tasks.c.o
                0x0000000000001868                xTaskGetSchedulerState
 .text.vTaskPriorityInherit
                0x0000000000001888       0x70 _build/nrf51422_xxac_tasks.c.o
                0x0000000000001888                vTaskPriorityInherit
 .text.xTaskPriorityDisinherit
                0x00000000000018f8       0x54 _build/nrf51422_xxac_tasks.c.o
                0x00000000000018f8                xTaskPriorityDisinherit
 .text.pvTaskIncrementMutexHeldCount
                0x000000000000194c       0x18 _build/nrf51422_xxac_tasks.c.o
                0x000000000000194c                pvTaskIncrementMutexHeldCount
 .text.xTimerCreateTimerTask
                0x0000000000001964       0x90 _build/nrf51422_xxac_timers.c.o
                0x0000000000001964                xTimerCreateTimerTask
 .text.xTimerCreate
                0x00000000000019f4       0xac _build/nrf51422_xxac_timers.c.o
                0x00000000000019f4                xTimerCreate
 .text.xTimerGenericCommand
                0x0000000000001aa0       0x54 _build/nrf51422_xxac_timers.c.o
                0x0000000000001aa0                xTimerGenericCommand
 .text.prvTimerTask
                0x0000000000001af4      0x2e8 _build/nrf51422_xxac_timers.c.o
 .text.bsp_board_leds_off
                0x0000000000001ddc       0x24 _build/nrf51422_xxac_boards.c.o
                0x0000000000001ddc                bsp_board_leds_off
 .text.bsp_board_led_invert
                0x0000000000001e00       0x30 _build/nrf51422_xxac_boards.c.o
                0x0000000000001e00                bsp_board_led_invert
 .text.bsp_board_leds_init
                0x0000000000001e30       0x3c _build/nrf51422_xxac_boards.c.o
                0x0000000000001e30                bsp_board_leds_init
 .text.nrf_drv_clock_init
                0x0000000000001e6c       0x44 _build/nrf51422_xxac_nrf_drv_clock.c.o
                0x0000000000001e6c                nrf_drv_clock_init
 .text.nrf_drv_clock_lfclk_request
                0x0000000000001eb0       0x7c _build/nrf51422_xxac_nrf_drv_clock.c.o
                0x0000000000001eb0                nrf_drv_clock_lfclk_request
 .text.POWER_CLOCK_IRQHandler
                0x0000000000001f2c       0x78 _build/nrf51422_xxac_nrf_drv_clock.c.o
                0x0000000000001f2c                POWER_CLOCK_IRQHandler
 .text.nrf_drv_common_irq_enable
                0x0000000000001fa4       0x7c _build/nrf51422_xxac_nrf_drv_common.c.o
                0x0000000000001fa4                nrf_drv_common_irq_enable
 .text.GPIOTE_IRQHandler
                0x0000000000002020      0x46c _build/nrf51422_xxac_nrf_drv_gpiote.c.o
                0x0000000000002020                GPIOTE_IRQHandler
 .text.UART0_IRQHandler
                0x000000000000248c      0x198 _build/nrf51422_xxac_nrf_drv_uart.c.o
                0x000000000000248c                UART0_IRQHandler
 .text.led_toggle_timer_callback
                0x0000000000002624        0xc _build/nrf51422_xxac_main.c.o
 .text.led_toggle_task_function
                0x0000000000002630       0x10 _build/nrf51422_xxac_main.c.o
 .text.startup.main
                0x0000000000002640       0x8c _build/nrf51422_xxac_main.c.o
                0x0000000000002640                main
 .text          0x00000000000026cc       0x4c _build/nrf51422_xxac_gcc_startup_nrf51.S.o
                0x00000000000026cc                Reset_Handler
                0x000000000000270c                NMI_Handler
                0x000000000000270e                HardFault_Handler
                0x0000000000002714                SysTick_Handler
                0x0000000000002716                TIMER2_IRQHandler
                0x0000000000002716                SPI0_TWI0_IRQHandler
                0x0000000000002716                RTC0_IRQHandler
                0x0000000000002716                RADIO_IRQHandler
                0x0000000000002716                LPCOMP_IRQHandler
                0x0000000000002716                SWI4_IRQHandler
                0x0000000000002716                TEMP_IRQHandler
                0x0000000000002716                QDEC_IRQHandler
                0x0000000000002716                SWI5_IRQHandler
                0x0000000000002716                TIMER0_IRQHandler
                0x0000000000002716                SWI0_IRQHandler
                0x0000000000002716                TIMER1_IRQHandler
                0x0000000000002716                ECB_IRQHandler
                0x0000000000002716                Default_Handler
                0x0000000000002716                ADC_IRQHandler
                0x0000000000002716                SWI3_IRQHandler
                0x0000000000002716                CCM_AAR_IRQHandler
                0x0000000000002716                WDT_IRQHandler
                0x0000000000002716                SWI2_IRQHandler
                0x0000000000002716                RNG_IRQHandler
                0x0000000000002716                SPI1_TWI1_IRQHandler
                0x0000000000002716                SWI1_IRQHandler
 .text.SystemInit
                0x0000000000002718       0xe4 _build/nrf51422_xxac_system_nrf51.c.o
                0x0000000000002718                SystemInit
 .text.memcpy   0x00000000000027fc       0x12 /usr/local/gcc-arm-none-eabi-6_2-2016q4/bin/../lib/gcc/arm-none-eabi/6.2.1/../../../../arm-none-eabi/lib/thumb/v6-m/libc_nano.a(lib_a-memcpy-stub.o)
                0x00000000000027fc                memcpy
 *(.init)
 *fill*         0x000000000000280e        0x2 
 .init          0x0000000000002810        0x4 /usr/local/gcc-arm-none-eabi-6_2-2016q4/bin/../lib/gcc/arm-none-eabi/6.2.1/thumb/v6-m/crti.o
                0x0000000000002810                _init
 .init          0x0000000000002814        0x8 /usr/local/gcc-arm-none-eabi-6_2-2016q4/bin/../lib/gcc/arm-none-eabi/6.2.1/thumb/v6-m/crtn.o
 *(.fini)
 .fini          0x000000000000281c        0x4 /usr/local/gcc-arm-none-eabi-6_2-2016q4/bin/../lib/gcc/arm-none-eabi/6.2.1/thumb/v6-m/crti.o
                0x000000000000281c                _fini
 .fini          0x0000000000002820        0x8 /usr/local/gcc-arm-none-eabi-6_2-2016q4/bin/../lib/gcc/arm-none-eabi/6.2.1/thumb/v6-m/crtn.o
 *crtbegin.o(.ctors)
 *crtbegin?.o(.ctors)
 *(EXCLUDE_FILE(*crtend.o *crtend?.o) .ctors)
 *(SORT(.ctors.*))
 *(.ctors)
 *crtbegin.o(.dtors)
 *crtbegin?.o(.dtors)
 *(EXCLUDE_FILE(*crtend.o *crtend?.o) .dtors)
 *(SORT(.dtors.*))
 *(.dtors)
 *(.rodata*)
 .rodata._global_impure_ptr
                0x0000000000002828        0x4 /usr/local/gcc-arm-none-eabi-6_2-2016q4/bin/../lib/gcc/arm-none-eabi/6.2.1/../../../../arm-none-eabi/lib/thumb/v6-m/libc_nano.a(lib_a-impure.o)
                0x0000000000002828                _global_impure_ptr
 .rodata.xTimerCreateTimerTask.str1.4
                0x000000000000282c       0x10 _build/nrf51422_xxac_timers.c.o
 .rodata.m_board_led_list
                0x000000000000283c        0x4 _build/nrf51422_xxac_boards.c.o
 .rodata.main.str1.4
                0x0000000000002840       0x10 _build/nrf51422_xxac_main.c.o
                                          0xd (size before relaxing)
 *(.eh_frame*)
 .eh_frame      0x0000000000002850        0x0 /usr/local/gcc-arm-none-eabi-6_2-2016q4/bin/../lib/gcc/arm-none-eabi/6.2.1/thumb/v6-m/crtbegin.o
 .eh_frame      0x0000000000002850        0x4 /usr/local/gcc-arm-none-eabi-6_2-2016q4/bin/../lib/gcc/arm-none-eabi/6.2.1/thumb/v6-m/crtend.o

.glue_7         0x0000000000002854        0x0
 .glue_7        0x0000000000002854        0x0 linker stubs

.glue_7t        0x0000000000002854        0x0
 .glue_7t       0x0000000000002854        0x0 linker stubs

.vfp11_veneer   0x0000000000002854        0x0
 .vfp11_veneer  0x0000000000002854        0x0 linker stubs

.v4_bx          0x0000000000002854        0x0
 .v4_bx         0x0000000000002854        0x0 linker stubs

.iplt           0x0000000000002854        0x0
 .iplt          0x0000000000002854        0x0 /usr/local/gcc-arm-none-eabi-6_2-2016q4/bin/../lib/gcc/arm-none-eabi/6.2.1/thumb/v6-m/crtbegin.o

.ARM.extab
 *(.ARM.extab* .gnu.linkonce.armextab.*)
                0x0000000000002854                __exidx_start = .

.ARM.exidx      0x0000000000002854        0x8
 *(.ARM.exidx* .gnu.linkonce.armexidx.*)
 .ARM.exidx     0x0000000000002854        0x8 /usr/local/gcc-arm-none-eabi-6_2-2016q4/bin/../lib/gcc/arm-none-eabi/6.2.1/../../../../arm-none-eabi/lib/thumb/v6-m/crt0.o
                0x000000000000285c                __exidx_end = .
                0x000000000000285c                __etext = .

.rel.dyn        0x000000000000285c        0x0
 .rel.iplt      0x000000000000285c        0x0 /usr/local/gcc-arm-none-eabi-6_2-2016q4/bin/../lib/gcc/arm-none-eabi/6.2.1/thumb/v6-m/crtbegin.o

.data           0x0000000020000000       0x70 load address 0x000000000000285c
                0x0000000020000000                __data_start__ = .
 *(vtable)
 *(.data*)
 .data.impure_data
                0x0000000020000000       0x60 /usr/local/gcc-arm-none-eabi-6_2-2016q4/bin/../lib/gcc/arm-none-eabi/6.2.1/../../../../arm-none-eabi/lib/thumb/v6-m/libc_nano.a(lib_a-impure.o)
 .data.xNextTaskUnblockTime
                0x0000000020000060        0x4 _build/nrf51422_xxac_tasks.c.o
                0x0000000020000064                . = ALIGN (0x4)
                0x0000000020000064                PROVIDE (__preinit_array_start, .)
 *(.preinit_array)
                0x0000000020000064                PROVIDE (__preinit_array_end, .)
                0x0000000020000064                . = ALIGN (0x4)
                0x0000000020000064                PROVIDE (__init_array_start, .)
 *(SORT(.init_array.*))
 *(.init_array)
 .init_array    0x0000000020000064        0x4 /usr/local/gcc-arm-none-eabi-6_2-2016q4/bin/../lib/gcc/arm-none-eabi/6.2.1/thumb/v6-m/crtbegin.o
                0x0000000020000068                PROVIDE (__init_array_end, .)
                0x0000000020000068                . = ALIGN (0x4)
                [!provide]                        PROVIDE (__fini_array_start, .)
 *(SORT(.fini_array.*))
 *(.fini_array)
 .fini_array    0x0000000020000068        0x4 /usr/local/gcc-arm-none-eabi-6_2-2016q4/bin/../lib/gcc/arm-none-eabi/6.2.1/thumb/v6-m/crtbegin.o
                [!provide]                        PROVIDE (__fini_array_end, .)
 *(.jcr*)
 .jcr           0x000000002000006c        0x0 /usr/local/gcc-arm-none-eabi-6_2-2016q4/bin/../lib/gcc/arm-none-eabi/6.2.1/thumb/v6-m/crtbegin.o
 .jcr           0x000000002000006c        0x4 /usr/local/gcc-arm-none-eabi-6_2-2016q4/bin/../lib/gcc/arm-none-eabi/6.2.1/thumb/v6-m/crtend.o
                0x0000000020000070                . = ALIGN (0x4)
                0x0000000020000070                __data_end__ = .
LOAD /usr/local/gcc-arm-none-eabi-6_2-2016q4/bin/../lib/gcc/arm-none-eabi/6.2.1/thumb/v6-m/crti.o
LOAD /usr/local/gcc-arm-none-eabi-6_2-2016q4/bin/../lib/gcc/arm-none-eabi/6.2.1/thumb/v6-m/crtbegin.o
LOAD /usr/local/gcc-arm-none-eabi-6_2-2016q4/bin/../lib/gcc/arm-none-eabi/6.2.1/../../../../arm-none-eabi/lib/thumb/v6-m/crt0.o
LOAD /usr/local/gcc-arm-none-eabi-6_2-2016q4/bin/../lib/gcc/arm-none-eabi/6.2.1/../../../../arm-none-eabi/lib/thumb/v6-m/libc_nano.a
LOAD /usr/local/gcc-arm-none-eabi-6_2-2016q4/bin/../lib/gcc/arm-none-eabi/6.2.1/../../../../arm-none-eabi/lib/thumb/v6-m/libnosys.a
LOAD _build/nrf51422_xxac_nrf_log_backend_serial.c.o
LOAD _build/nrf51422_xxac_nrf_log_frontend.c.o
LOAD _build/nrf51422_xxac_app_button.c.o
LOAD _build/nrf51422_xxac_app_error.c.o
LOAD _build/nrf51422_xxac_app_error_weak.c.o
LOAD _build/nrf51422_xxac_app_timer_freertos.c.o
LOAD _build/nrf51422_xxac_app_util_platform.c.o
LOAD _build/nrf51422_xxac_nrf_assert.c.o
LOAD _build/nrf51422_xxac_sdk_errors.c.o
LOAD _build/nrf51422_xxac_croutine.c.o
LOAD _build/nrf51422_xxac_event_groups.c.o
LOAD _build/nrf51422_xxac_heap_1.c.o
LOAD _build/nrf51422_xxac_list.c.o
LOAD _build/nrf51422_xxac_port.c.o
LOAD _build/nrf51422_xxac_port_cmsis.c.o
LOAD _build/nrf51422_xxac_port_cmsis_systick.c.o
LOAD _build/nrf51422_xxac_queue.c.o
LOAD _build/nrf51422_xxac_tasks.c.o
LOAD _build/nrf51422_xxac_timers.c.o
LOAD _build/nrf51422_xxac_boards.c.o
LOAD _build/nrf51422_xxac_nrf_drv_clock.c.o
LOAD _build/nrf51422_xxac_nrf_drv_common.c.o
LOAD _build/nrf51422_xxac_nrf_drv_gpiote.c.o
LOAD _build/nrf51422_xxac_nrf_drv_uart.c.o
LOAD _build/nrf51422_xxac_nrf_nvic.c.o
LOAD _build/nrf51422_xxac_nrf_soc.c.o
LOAD _build/nrf51422_xxac_bsp.c.o
LOAD _build/nrf51422_xxac_bsp_nfc.c.o
LOAD _build/nrf51422_xxac_main.c.o
LOAD _build/nrf51422_xxac_RTT_Syscalls_GCC.c.o
LOAD _build/nrf51422_xxac_SEGGER_RTT.c.o
LOAD _build/nrf51422_xxac_SEGGER_RTT_printf.c.o
LOAD _build/nrf51422_xxac_gcc_startup_nrf51.S.o
LOAD _build/nrf51422_xxac_system_nrf51.c.o
LOAD /usr/local/gcc-arm-none-eabi-6_2-2016q4/bin/../lib/gcc/arm-none-eabi/6.2.1/../../../../arm-none-eabi/lib/thumb/v6-m/libm.a
START GROUP
LOAD /usr/local/gcc-arm-none-eabi-6_2-2016q4/bin/../lib/gcc/arm-none-eabi/6.2.1/thumb/v6-m/libgcc.a
LOAD /usr/local/gcc-arm-none-eabi-6_2-2016q4/bin/../lib/gcc/arm-none-eabi/6.2.1/../../../../arm-none-eabi/lib/thumb/v6-m/libc_nano.a
END GROUP
START GROUP
LOAD /usr/local/gcc-arm-none-eabi-6_2-2016q4/bin/../lib/gcc/arm-none-eabi/6.2.1/thumb/v6-m/libgcc.a
LOAD /usr/local/gcc-arm-none-eabi-6_2-2016q4/bin/../lib/gcc/arm-none-eabi/6.2.1/../../../../arm-none-eabi/lib/thumb/v6-m/libc_nano.a
END GROUP
LOAD /usr/local/gcc-arm-none-eabi-6_2-2016q4/bin/../lib/gcc/arm-none-eabi/6.2.1/thumb/v6-m/crtend.o
LOAD /usr/local/gcc-arm-none-eabi-6_2-2016q4/bin/../lib/gcc/arm-none-eabi/6.2.1/thumb/v6-m/crtn.o
START GROUP
LOAD /usr/local/gcc-arm-none-eabi-6_2-2016q4/bin/../lib/gcc/arm-none-eabi/6.2.1/thumb/v6-m/libgcc.a
LOAD /usr/local/gcc-arm-none-eabi-6_2-2016q4/bin/../lib/gcc/arm-none-eabi/6.2.1/../../../../arm-none-eabi/lib/thumb/v6-m/libc.a
LOAD /usr/local/gcc-arm-none-eabi-6_2-2016q4/bin/../lib/gcc/arm-none-eabi/6.2.1/../../../../arm-none-eabi/lib/thumb/v6-m/libnosys.a
END GROUP

.igot.plt       0x0000000020000070        0x0 load address 0x00000000000028cc
 .igot.plt      0x0000000020000070        0x0 /usr/local/gcc-arm-none-eabi-6_2-2016q4/bin/../lib/gcc/arm-none-eabi/6.2.1/thumb/v6-m/crtbegin.o

.fs_data        0x0000000020000070        0x0
                [!provide]                        PROVIDE (__start_fs_data, .)
 *(.fs_data)
                [!provide]                        PROVIDE (__stop_fs_data, .)

.pwr_mgmt_data  0x0000000020000070        0x0
                [!provide]                        PROVIDE (__start_pwr_mgmt_data, .)
 *(.pwr_mgmt_data)
                [!provide]                        PROVIDE (__stop_pwr_mgmt_data, .)

.bss            0x0000000020000070     0x11d0 load address 0x00000000000028cc
                0x0000000020000070                . = ALIGN (0x4)
                0x0000000020000070                __bss_start__ = .
 *(.bss*)
 .bss           0x0000000020000070       0x1c /usr/local/gcc-arm-none-eabi-6_2-2016q4/bin/../lib/gcc/arm-none-eabi/6.2.1/thumb/v6-m/crtbegin.o
 .bss.m_in_critical_region
                0x000000002000008c        0x4 _build/nrf51422_xxac_app_util_platform.c.o
 .bss.pucAlignedHeap.5917
                0x0000000020000090        0x4 _build/nrf51422_xxac_heap_1.c.o
 .bss.ucHeap    0x0000000020000094     0x1000 _build/nrf51422_xxac_heap_1.c.o
 .bss.xNextFreeByte
                0x0000000020001094        0x4 _build/nrf51422_xxac_heap_1.c.o
 .bss.uxCriticalNesting
                0x0000000020001098        0x4 _build/nrf51422_xxac_port_cmsis.c.o
 .bss.pxCurrentTCB
                0x000000002000109c        0x4 _build/nrf51422_xxac_tasks.c.o
                0x000000002000109c                pxCurrentTCB
 .bss.pxDelayedTaskList
                0x00000000200010a0        0x4 _build/nrf51422_xxac_tasks.c.o
 .bss.pxOverflowDelayedTaskList
                0x00000000200010a4        0x4 _build/nrf51422_xxac_tasks.c.o
 .bss.pxReadyTasksLists
                0x00000000200010a8       0x3c _build/nrf51422_xxac_tasks.c.o
 .bss.uxCurrentNumberOfTasks
                0x00000000200010e4        0x4 _build/nrf51422_xxac_tasks.c.o
 .bss.uxPendedTicks
                0x00000000200010e8        0x4 _build/nrf51422_xxac_tasks.c.o
 .bss.uxSchedulerSuspended
                0x00000000200010ec        0x4 _build/nrf51422_xxac_tasks.c.o
 .bss.uxTaskNumber
                0x00000000200010f0        0x4 _build/nrf51422_xxac_tasks.c.o
 .bss.uxTasksDeleted
                0x00000000200010f4        0x4 _build/nrf51422_xxac_tasks.c.o
 .bss.uxTopReadyPriority
                0x00000000200010f8        0x4 _build/nrf51422_xxac_tasks.c.o
 .bss.xDelayedTaskList1
                0x00000000200010fc       0x14 _build/nrf51422_xxac_tasks.c.o
 .bss.xDelayedTaskList2
                0x0000000020001110       0x14 _build/nrf51422_xxac_tasks.c.o
 .bss.xIdleTaskHandle
                0x0000000020001124        0x4 _build/nrf51422_xxac_tasks.c.o
 .bss.xNumOfOverflows
                0x0000000020001128        0x4 _build/nrf51422_xxac_tasks.c.o
 .bss.xPendingReadyList
                0x000000002000112c       0x14 _build/nrf51422_xxac_tasks.c.o
 .bss.xSchedulerRunning
                0x0000000020001140        0x4 _build/nrf51422_xxac_tasks.c.o
 .bss.xSuspendedTaskList
                0x0000000020001144       0x14 _build/nrf51422_xxac_tasks.c.o
 .bss.xTasksWaitingTermination
                0x0000000020001158       0x14 _build/nrf51422_xxac_tasks.c.o
 .bss.xTickCount
                0x000000002000116c        0x4 _build/nrf51422_xxac_tasks.c.o
 .bss.xYieldPending
                0x0000000020001170        0x4 _build/nrf51422_xxac_tasks.c.o
 .bss.pxCurrentTimerList
                0x0000000020001174        0x4 _build/nrf51422_xxac_timers.c.o
 .bss.pxOverflowTimerList
                0x0000000020001178        0x4 _build/nrf51422_xxac_timers.c.o
 .bss.xActiveTimerList1
                0x000000002000117c       0x14 _build/nrf51422_xxac_timers.c.o
 .bss.xActiveTimerList2
                0x0000000020001190       0x14 _build/nrf51422_xxac_timers.c.o
 .bss.xLastTime.6173
                0x00000000200011a4        0x4 _build/nrf51422_xxac_timers.c.o
 .bss.xTimerQueue
                0x00000000200011a8        0x4 _build/nrf51422_xxac_timers.c.o
 .bss.xTimerTaskHandle
                0x00000000200011ac        0x4 _build/nrf51422_xxac_timers.c.o
 .bss.m_clock_cb
                0x00000000200011b0       0x14 _build/nrf51422_xxac_nrf_drv_clock.c.o
 .bss.m_cb      0x00000000200011c4       0x48 _build/nrf51422_xxac_nrf_drv_gpiote.c.o
 .bss.m_cb      0x000000002000120c       0x1c _build/nrf51422_xxac_nrf_drv_uart.c.o
 *(COMMON)
 COMMON         0x0000000020001228       0x10 _build/nrf51422_xxac_queue.c.o
                0x0000000020001228                xQueueRegistry
 COMMON         0x0000000020001238        0x8 _build/nrf51422_xxac_main.c.o
                0x0000000020001238                led_toggle_timer_handle
                0x000000002000123c                led_toggle_task_handle
                0x0000000020001240                . = ALIGN (0x4)
                0x0000000020001240                __bss_end__ = .

.heap           0x0000000020001240      0x800
                0x0000000020001240                __HeapBase = .
                0x0000000020001240                __end__ = .
                [!provide]                        PROVIDE (end, .)
 *(.heap*)
 .heap          0x0000000020001240      0x800 _build/nrf51422_xxac_gcc_startup_nrf51.S.o
                0x0000000020001a40                __HeapLimit = .

.stack_dummy    0x0000000020001240      0x800
 *(.stack*)
 .stack         0x0000000020001240      0x800 _build/nrf51422_xxac_gcc_startup_nrf51.S.o
                0x0000000020008000                __StackTop = (ORIGIN (RAM) + LENGTH (RAM))
                0x0000000020007800                __StackLimit = (__StackTop - SIZEOF (.stack_dummy))
                0x0000000020008000                PROVIDE (__stack, __StackTop)
                0x0000000000000001                ASSERT ((__StackLimit >= __HeapLimit), region RAM overflowed with stack)
OUTPUT(_build/nrf51422_xxac.out elf32-littlearm)

.ARM.attributes
                0x0000000000000000       0x28
 .ARM.attributes
                0x0000000000000000       0x1e /usr/local/gcc-arm-none-eabi-6_2-2016q4/bin/../lib/gcc/arm-none-eabi/6.2.1/thumb/v6-m/crti.o
 .ARM.attributes
                0x000000000000001e       0x2c /usr/local/gcc-arm-none-eabi-6_2-2016q4/bin/../lib/gcc/arm-none-eabi/6.2.1/thumb/v6-m/crtbegin.o
 .ARM.attributes
                0x000000000000004a       0x1b /usr/local/gcc-arm-none-eabi-6_2-2016q4/bin/../lib/gcc/arm-none-eabi/6.2.1/../../../../arm-none-eabi/lib/thumb/v6-m/crt0.o
 .ARM.attributes
                0x0000000000000065       0x2c /usr/local/gcc-arm-none-eabi-6_2-2016q4/bin/../lib/gcc/arm-none-eabi/6.2.1/../../../../arm-none-eabi/lib/thumb/v6-m/libc_nano.a(lib_a-exit.o)
 .ARM.attributes
                0x0000000000000091       0x2c /usr/local/gcc-arm-none-eabi-6_2-2016q4/bin/../lib/gcc/arm-none-eabi/6.2.1/../../../../arm-none-eabi/lib/thumb/v6-m/libc_nano.a(lib_a-impure.o)
 .ARM.attributes
                0x00000000000000bd       0x2c /usr/local/gcc-arm-none-eabi-6_2-2016q4/bin/../lib/gcc/arm-none-eabi/6.2.1/../../../../arm-none-eabi/lib/thumb/v6-m/libc_nano.a(lib_a-init.o)
 .ARM.attributes
                0x00000000000000e9       0x2c /usr/local/gcc-arm-none-eabi-6_2-2016q4/bin/../lib/gcc/arm-none-eabi/6.2.1/../../../../arm-none-eabi/lib/thumb/v6-m/libc_nano.a(lib_a-memset.o)
 .ARM.attributes
                0x0000000000000115       0x2c /usr/local/gcc-arm-none-eabi-6_2-2016q4/bin/../lib/gcc/arm-none-eabi/6.2.1/../../../../arm-none-eabi/lib/thumb/v6-m/libnosys.a(_exit.o)
 .ARM.attributes
                0x0000000000000141       0x31 _build/nrf51422_xxac_app_error.c.o
 .ARM.attributes
                0x0000000000000172       0x31 _build/nrf51422_xxac_app_error_weak.c.o
 .ARM.attributes
                0x00000000000001a3       0x31 _build/nrf51422_xxac_app_util_platform.c.o
 .ARM.attributes
                0x00000000000001d4       0x31 _build/nrf51422_xxac_heap_1.c.o
 .ARM.attributes
                0x0000000000000205       0x31 _build/nrf51422_xxac_list.c.o
 .ARM.attributes
                0x0000000000000236       0x31 _build/nrf51422_xxac_port.c.o
 .ARM.attributes
                0x0000000000000267       0x31 _build/nrf51422_xxac_port_cmsis.c.o
 .ARM.attributes
                0x0000000000000298       0x31 _build/nrf51422_xxac_port_cmsis_systick.c.o
 .ARM.attributes
                0x00000000000002c9       0x31 _build/nrf51422_xxac_queue.c.o
 .ARM.attributes
                0x00000000000002fa       0x31 _build/nrf51422_xxac_tasks.c.o
 .ARM.attributes
                0x000000000000032b       0x31 _build/nrf51422_xxac_timers.c.o
 .ARM.attributes
                0x000000000000035c       0x31 _build/nrf51422_xxac_boards.c.o
 .ARM.attributes
                0x000000000000038d       0x31 _build/nrf51422_xxac_nrf_drv_clock.c.o
 .ARM.attributes
                0x00000000000003be       0x31 _build/nrf51422_xxac_nrf_drv_common.c.o
 .ARM.attributes
                0x00000000000003ef       0x31 _build/nrf51422_xxac_nrf_drv_gpiote.c.o
 .ARM.attributes
                0x0000000000000420       0x31 _build/nrf51422_xxac_nrf_drv_uart.c.o
 .ARM.attributes
                0x0000000000000451       0x31 _build/nrf51422_xxac_main.c.o
 .ARM.attributes
                0x0000000000000482       0x1b _build/nrf51422_xxac_gcc_startup_nrf51.S.o
 .ARM.attributes
                0x000000000000049d       0x31 _build/nrf51422_xxac_system_nrf51.c.o
 .ARM.attributes
                0x00000000000004ce       0x2c /usr/local/gcc-arm-none-eabi-6_2-2016q4/bin/../lib/gcc/arm-none-eabi/6.2.1/../../../../arm-none-eabi/lib/thumb/v6-m/libc_nano.a(lib_a-memcpy-stub.o)
 .ARM.attributes
                0x00000000000004fa       0x2c /usr/local/gcc-arm-none-eabi-6_2-2016q4/bin/../lib/gcc/arm-none-eabi/6.2.1/thumb/v6-m/crtend.o
 .ARM.attributes
                0x0000000000000526       0x1e /usr/local/gcc-arm-none-eabi-6_2-2016q4/bin/../lib/gcc/arm-none-eabi/6.2.1/thumb/v6-m/crtn.o

.comment        0x0000000000000000       0x6e
 .comment       0x0000000000000000       0x6e _build/nrf51422_xxac_app_error.c.o
                                         0x6f (size before relaxing)
 .comment       0x000000000000006e       0x6f _build/nrf51422_xxac_app_error_weak.c.o
 .comment       0x000000000000006e       0x6f _build/nrf51422_xxac_app_util_platform.c.o
 .comment       0x000000000000006e       0x6f _build/nrf51422_xxac_heap_1.c.o
 .comment       0x000000000000006e       0x6f _build/nrf51422_xxac_list.c.o
 .comment       0x000000000000006e       0x6f _build/nrf51422_xxac_port.c.o
 .comment       0x000000000000006e       0x6f _build/nrf51422_xxac_port_cmsis.c.o
 .comment       0x000000000000006e       0x6f _build/nrf51422_xxac_port_cmsis_systick.c.o
 .comment       0x000000000000006e       0x6f _build/nrf51422_xxac_queue.c.o
 .comment       0x000000000000006e       0x6f _build/nrf51422_xxac_tasks.c.o
 .comment       0x000000000000006e       0x6f _build/nrf51422_xxac_timers.c.o
 .comment       0x000000000000006e       0x6f _build/nrf51422_xxac_boards.c.o
 .comment       0x000000000000006e       0x6f _build/nrf51422_xxac_nrf_drv_clock.c.o
 .comment       0x000000000000006e       0x6f _build/nrf51422_xxac_nrf_drv_common.c.o
 .comment       0x000000000000006e       0x6f _build/nrf51422_xxac_nrf_drv_gpiote.c.o
 .comment       0x000000000000006e       0x6f _build/nrf51422_xxac_nrf_drv_uart.c.o
 .comment       0x000000000000006e       0x6f _build/nrf51422_xxac_main.c.o
 .comment       0x000000000000006e       0x6f _build/nrf51422_xxac_system_nrf51.c.o

.debug_frame    0x0000000000000000     0x11d0
 .debug_frame   0x0000000000000000       0x28 /usr/local/gcc-arm-none-eabi-6_2-2016q4/bin/../lib/gcc/arm-none-eabi/6.2.1/../../../../arm-none-eabi/lib/thumb/v6-m/libc_nano.a(lib_a-exit.o)
 .debug_frame   0x0000000000000028       0x2c /usr/local/gcc-arm-none-eabi-6_2-2016q4/bin/../lib/gcc/arm-none-eabi/6.2.1/../../../../arm-none-eabi/lib/thumb/v6-m/libc_nano.a(lib_a-init.o)
 .debug_frame   0x0000000000000054       0x20 /usr/local/gcc-arm-none-eabi-6_2-2016q4/bin/../lib/gcc/arm-none-eabi/6.2.1/../../../../arm-none-eabi/lib/thumb/v6-m/libc_nano.a(lib_a-memset.o)
 .debug_frame   0x0000000000000074       0x20 /usr/local/gcc-arm-none-eabi-6_2-2016q4/bin/../lib/gcc/arm-none-eabi/6.2.1/../../../../arm-none-eabi/lib/thumb/v6-m/libnosys.a(_exit.o)
 .debug_frame   0x0000000000000094       0x5c _build/nrf51422_xxac_app_error.c.o
 .debug_frame   0x00000000000000f0       0x20 _build/nrf51422_xxac_app_error_weak.c.o
 .debug_frame   0x0000000000000110       0x50 _build/nrf51422_xxac_app_util_platform.c.o
 .debug_frame   0x0000000000000160       0x5c _build/nrf51422_xxac_heap_1.c.o
 .debug_frame   0x00000000000001bc       0x6c _build/nrf51422_xxac_list.c.o
 .debug_frame   0x0000000000000228       0x40 _build/nrf51422_xxac_port.c.o
 .debug_frame   0x0000000000000268       0xa8 _build/nrf51422_xxac_port_cmsis.c.o
 .debug_frame   0x0000000000000310       0x5c _build/nrf51422_xxac_port_cmsis_systick.c.o
 .debug_frame   0x000000000000036c      0x238 _build/nrf51422_xxac_queue.c.o
 .debug_frame   0x00000000000005a4      0x498 _build/nrf51422_xxac_tasks.c.o
 .debug_frame   0x0000000000000a3c      0x14c _build/nrf51422_xxac_timers.c.o
 .debug_frame   0x0000000000000b88       0xe8 _build/nrf51422_xxac_boards.c.o
 .debug_frame   0x0000000000000c70      0x120 _build/nrf51422_xxac_nrf_drv_clock.c.o
 .debug_frame   0x0000000000000d90       0x40 _build/nrf51422_xxac_nrf_drv_common.c.o
 .debug_frame   0x0000000000000dd0      0x200 _build/nrf51422_xxac_nrf_drv_gpiote.c.o
 .debug_frame   0x0000000000000fd0      0x14c _build/nrf51422_xxac_nrf_drv_uart.c.o
 .debug_frame   0x000000000000111c       0x5c _build/nrf51422_xxac_main.c.o
 .debug_frame   0x0000000000001178       0x30 _build/nrf51422_xxac_system_nrf51.c.o
 .debug_frame   0x00000000000011a8       0x28 /usr/local/gcc-arm-none-eabi-6_2-2016q4/bin/../lib/gcc/arm-none-eabi/6.2.1/../../../../arm-none-eabi/lib/thumb/v6-m/libc_nano.a(lib_a-memcpy-stub.o)

.debug_info     0x0000000000000000    0x1763d
 .debug_info    0x0000000000000000      0xb43 _build/nrf51422_xxac_app_error.c.o
 .debug_info    0x0000000000000b43      0xa0e _build/nrf51422_xxac_app_error_weak.c.o
 .debug_info    0x0000000000001551      0x9c2 _build/nrf51422_xxac_app_util_platform.c.o
 .debug_info    0x0000000000001f13      0x9e1 _build/nrf51422_xxac_heap_1.c.o
 .debug_info    0x00000000000028f4      0xad4 _build/nrf51422_xxac_list.c.o
 .debug_info    0x00000000000033c8      0x8ff _build/nrf51422_xxac_port.c.o
 .debug_info    0x0000000000003cc7     0x1002 _build/nrf51422_xxac_port_cmsis.c.o
 .debug_info    0x0000000000004cc9     0x150d _build/nrf51422_xxac_port_cmsis_systick.c.o
 .debug_info    0x00000000000061d6     0x2291 _build/nrf51422_xxac_queue.c.o
 .debug_info    0x0000000000008467     0x3045 _build/nrf51422_xxac_tasks.c.o
 .debug_info    0x000000000000b4ac     0x1b73 _build/nrf51422_xxac_timers.c.o
 .debug_info    0x000000000000d01f     0x13c5 _build/nrf51422_xxac_boards.c.o
 .debug_info    0x000000000000e3e4     0x185a _build/nrf51422_xxac_nrf_drv_clock.c.o
 .debug_info    0x000000000000fc3e      0xcd2 _build/nrf51422_xxac_nrf_drv_common.c.o
 .debug_info    0x0000000000010910     0x2ccb _build/nrf51422_xxac_nrf_drv_gpiote.c.o
 .debug_info    0x00000000000135db     0x3299 _build/nrf51422_xxac_nrf_drv_uart.c.o
 .debug_info    0x0000000000016874      0xbe0 _build/nrf51422_xxac_main.c.o
 .debug_info    0x0000000000017454      0x1e9 _build/nrf51422_xxac_system_nrf51.c.o

.debug_abbrev   0x0000000000000000     0x38ff
 .debug_abbrev  0x0000000000000000      0x235 _build/nrf51422_xxac_app_error.c.o
 .debug_abbrev  0x0000000000000235      0x20d _build/nrf51422_xxac_app_error_weak.c.o
 .debug_abbrev  0x0000000000000442      0x239 _build/nrf51422_xxac_app_util_platform.c.o
 .debug_abbrev  0x000000000000067b      0x25b _build/nrf51422_xxac_heap_1.c.o
 .debug_abbrev  0x00000000000008d6      0x21c _build/nrf51422_xxac_list.c.o
 .debug_abbrev  0x0000000000000af2      0x1aa _build/nrf51422_xxac_port.c.o
 .debug_abbrev  0x0000000000000c9c      0x414 _build/nrf51422_xxac_port_cmsis.c.o
 .debug_abbrev  0x00000000000010b0      0x3a2 _build/nrf51422_xxac_port_cmsis_systick.c.o
 .debug_abbrev  0x0000000000001452      0x3ea _build/nrf51422_xxac_queue.c.o
 .debug_abbrev  0x000000000000183c      0x4e3 _build/nrf51422_xxac_tasks.c.o
 .debug_abbrev  0x0000000000001d1f      0x3e9 _build/nrf51422_xxac_timers.c.o
 .debug_abbrev  0x0000000000002108      0x384 _build/nrf51422_xxac_boards.c.o
 .debug_abbrev  0x000000000000248c      0x4ab _build/nrf51422_xxac_nrf_drv_clock.c.o
 .debug_abbrev  0x0000000000002937      0x2b4 _build/nrf51422_xxac_nrf_drv_common.c.o
 .debug_abbrev  0x0000000000002beb      0x512 _build/nrf51422_xxac_nrf_drv_gpiote.c.o
 .debug_abbrev  0x00000000000030fd      0x492 _build/nrf51422_xxac_nrf_drv_uart.c.o
 .debug_abbrev  0x000000000000358f      0x265 _build/nrf51422_xxac_main.c.o
 .debug_abbrev  0x00000000000037f4      0x10b _build/nrf51422_xxac_system_nrf51.c.o

.debug_loc      0x0000000000000000     0x934a
 .debug_loc     0x0000000000000000      0x149 _build/nrf51422_xxac_app_error.c.o
 .debug_loc     0x0000000000000149       0x21 _build/nrf51422_xxac_app_error_weak.c.o
 .debug_loc     0x000000000000016a       0x5f _build/nrf51422_xxac_heap_1.c.o
 .debug_loc     0x00000000000001c9       0x7b _build/nrf51422_xxac_list.c.o
 .debug_loc     0x0000000000000244       0xd2 _build/nrf51422_xxac_port_cmsis.c.o
 .debug_loc     0x0000000000000316      0x4e2 _build/nrf51422_xxac_port_cmsis_systick.c.o
 .debug_loc     0x00000000000007f8     0x152d _build/nrf51422_xxac_queue.c.o
 .debug_loc     0x0000000000001d25     0x1da4 _build/nrf51422_xxac_tasks.c.o
 .debug_loc     0x0000000000003ac9      0xe73 _build/nrf51422_xxac_timers.c.o
 .debug_loc     0x000000000000493c      0x8b3 _build/nrf51422_xxac_boards.c.o
 .debug_loc     0x00000000000051ef      0x3d9 _build/nrf51422_xxac_nrf_drv_clock.c.o
 .debug_loc     0x00000000000055c8       0xb6 _build/nrf51422_xxac_nrf_drv_common.c.o
 .debug_loc     0x000000000000567e     0x23f9 _build/nrf51422_xxac_nrf_drv_gpiote.c.o
 .debug_loc     0x0000000000007a77     0x1873 _build/nrf51422_xxac_nrf_drv_uart.c.o
 .debug_loc     0x00000000000092ea       0x60 _build/nrf51422_xxac_main.c.o

.debug_aranges  0x0000000000000000      0x708
 .debug_aranges
                0x0000000000000000       0x30 _build/nrf51422_xxac_app_error.c.o
 .debug_aranges
                0x0000000000000030       0x20 _build/nrf51422_xxac_app_error_weak.c.o
 .debug_aranges
                0x0000000000000050       0x38 _build/nrf51422_xxac_app_util_platform.c.o
 .debug_aranges
                0x0000000000000088       0x38 _build/nrf51422_xxac_heap_1.c.o
 .debug_aranges
                0x00000000000000c0       0x40 _build/nrf51422_xxac_list.c.o
 .debug_aranges
                0x0000000000000100       0x30 _build/nrf51422_xxac_port.c.o
 .debug_aranges
                0x0000000000000130       0x58 _build/nrf51422_xxac_port_cmsis.c.o
 .debug_aranges
                0x0000000000000188       0x30 _build/nrf51422_xxac_port_cmsis_systick.c.o
 .debug_aranges
                0x00000000000001b8       0xc0 _build/nrf51422_xxac_queue.c.o
 .debug_aranges
                0x0000000000000278      0x178 _build/nrf51422_xxac_tasks.c.o
 .debug_aranges
                0x00000000000003f0       0x70 _build/nrf51422_xxac_timers.c.o
 .debug_aranges
                0x0000000000000460       0x80 _build/nrf51422_xxac_boards.c.o
 .debug_aranges
                0x00000000000004e0       0x80 _build/nrf51422_xxac_nrf_drv_clock.c.o
 .debug_aranges
                0x0000000000000560       0x28 _build/nrf51422_xxac_nrf_drv_common.c.o
 .debug_aranges
                0x0000000000000588       0xb8 _build/nrf51422_xxac_nrf_drv_gpiote.c.o
 .debug_aranges
                0x0000000000000640       0x70 _build/nrf51422_xxac_nrf_drv_uart.c.o
 .debug_aranges
                0x00000000000006b0       0x30 _build/nrf51422_xxac_main.c.o
 .debug_aranges
                0x00000000000006e0       0x28 _build/nrf51422_xxac_system_nrf51.c.o

.debug_ranges   0x0000000000000000     0x2128
 .debug_ranges  0x0000000000000000       0x20 _build/nrf51422_xxac_app_error.c.o
 .debug_ranges  0x0000000000000020       0x10 _build/nrf51422_xxac_app_error_weak.c.o
 .debug_ranges  0x0000000000000030       0x40 _build/nrf51422_xxac_app_util_platform.c.o
 .debug_ranges  0x0000000000000070       0x28 _build/nrf51422_xxac_heap_1.c.o
 .debug_ranges  0x0000000000000098       0x30 _build/nrf51422_xxac_list.c.o
 .debug_ranges  0x00000000000000c8       0x20 _build/nrf51422_xxac_port.c.o
 .debug_ranges  0x00000000000000e8       0x60 _build/nrf51422_xxac_port_cmsis.c.o
 .debug_ranges  0x0000000000000148      0x1d0 _build/nrf51422_xxac_port_cmsis_systick.c.o
 .debug_ranges  0x0000000000000318      0x1f0 _build/nrf51422_xxac_queue.c.o
 .debug_ranges  0x0000000000000508      0x540 _build/nrf51422_xxac_tasks.c.o
 .debug_ranges  0x0000000000000a48      0x238 _build/nrf51422_xxac_timers.c.o
 .debug_ranges  0x0000000000000c80      0x150 _build/nrf51422_xxac_boards.c.o
 .debug_ranges  0x0000000000000dd0      0x2c0 _build/nrf51422_xxac_nrf_drv_clock.c.o
 .debug_ranges  0x0000000000001090       0x48 _build/nrf51422_xxac_nrf_drv_common.c.o
 .debug_ranges  0x00000000000010d8      0xa68 _build/nrf51422_xxac_nrf_drv_gpiote.c.o
 .debug_ranges  0x0000000000001b40      0x548 _build/nrf51422_xxac_nrf_drv_uart.c.o
 .debug_ranges  0x0000000000002088       0x38 _build/nrf51422_xxac_main.c.o
 .debug_ranges  0x00000000000020c0       0x68 _build/nrf51422_xxac_system_nrf51.c.o

.debug_macro    0x0000000000000000     0x4080
 .debug_macro   0x0000000000000000      0x290 _build/nrf51422_xxac_app_error.c.o
 .debug_macro   0x0000000000000290       0x34 _build/nrf51422_xxac_app_error.c.o
 .debug_macro   0x00000000000002c4       0x22 _build/nrf51422_xxac_app_error.c.o
 .debug_macro   0x00000000000002e6       0x16 _build/nrf51422_xxac_app_error.c.o
 .debug_macro   0x00000000000002fc       0x97 _build/nrf51422_xxac_app_error.c.o
 .debug_macro   0x0000000000000393       0xf6 _build/nrf51422_xxac_app_error.c.o
 .debug_macro   0x0000000000000489       0x22 _build/nrf51422_xxac_app_error.c.o
 .debug_macro   0x00000000000004ab       0x16 _build/nrf51422_xxac_app_error.c.o
 .debug_macro   0x00000000000004c1      0x39a _build/nrf51422_xxac_app_error.c.o
 .debug_macro   0x000000000000085b      0x16c _build/nrf51422_xxac_app_error.c.o
 .debug_macro   0x00000000000009c7       0x59 _build/nrf51422_xxac_app_error.c.o
 .debug_macro   0x0000000000000a20       0x28 _build/nrf51422_xxac_app_error.c.o
 .debug_macro   0x0000000000000a48       0x22 _build/nrf51422_xxac_app_error.c.o
 .debug_macro   0x0000000000000a6a      0x290 _build/nrf51422_xxac_app_error_weak.c.o
 .debug_macro   0x0000000000000cfa       0x1c _build/nrf51422_xxac_app_error_weak.c.o
 .debug_macro   0x0000000000000d16      0x22f _build/nrf51422_xxac_app_util_platform.c.o
 .debug_macro   0x0000000000000f45       0x6f _build/nrf51422_xxac_app_util_platform.c.o
 .debug_macro   0x0000000000000fb4      0x2e5 _build/nrf51422_xxac_heap_1.c.o
 .debug_macro   0x0000000000001299      0x2c4 _build/nrf51422_xxac_list.c.o
 .debug_macro   0x000000000000155d      0x2b4 _build/nrf51422_xxac_port.c.o
 .debug_macro   0x0000000000001811      0x2e2 _build/nrf51422_xxac_port_cmsis.c.o
 .debug_macro   0x0000000000001af3      0x341 _build/nrf51422_xxac_port_cmsis_systick.c.o
 .debug_macro   0x0000000000001e34       0x28 _build/nrf51422_xxac_port_cmsis_systick.c.o
 .debug_macro   0x0000000000001e5c       0x10 _build/nrf51422_xxac_port_cmsis_systick.c.o
 .debug_macro   0x0000000000001e6c       0x22 _build/nrf51422_xxac_port_cmsis_systick.c.o
 .debug_macro   0x0000000000001e8e      0x336 _build/nrf51422_xxac_queue.c.o
 .debug_macro   0x00000000000021c4       0xb0 _build/nrf51422_xxac_queue.c.o
 .debug_macro   0x0000000000002274      0x379 _build/nrf51422_xxac_tasks.c.o
 .debug_macro   0x00000000000025ed       0x16 _build/nrf51422_xxac_tasks.c.o
 .debug_macro   0x0000000000002603      0x301 _build/nrf51422_xxac_timers.c.o
 .debug_macro   0x0000000000002904      0x287 _build/nrf51422_xxac_boards.c.o
 .debug_macro   0x0000000000002b8b      0x22f _build/nrf51422_xxac_boards.c.o
 .debug_macro   0x0000000000002dba      0x115 _build/nrf51422_xxac_boards.c.o
 .debug_macro   0x0000000000002ecf      0x317 _build/nrf51422_xxac_nrf_drv_clock.c.o
 .debug_macro   0x00000000000031e6       0x28 _build/nrf51422_xxac_nrf_drv_clock.c.o
 .debug_macro   0x000000000000320e       0x16 _build/nrf51422_xxac_nrf_drv_clock.c.o
 .debug_macro   0x0000000000003224      0x299 _build/nrf51422_xxac_nrf_drv_common.c.o
 .debug_macro   0x00000000000034bd      0x36f _build/nrf51422_xxac_nrf_drv_gpiote.c.o
 .debug_macro   0x000000000000382c       0x16 _build/nrf51422_xxac_nrf_drv_gpiote.c.o
 .debug_macro   0x0000000000003842      0x354 _build/nrf51422_xxac_nrf_drv_uart.c.o
 .debug_macro   0x0000000000003b96       0x10 _build/nrf51422_xxac_nrf_drv_uart.c.o
 .debug_macro   0x0000000000003ba6       0x35 _build/nrf51422_xxac_nrf_drv_uart.c.o
 .debug_macro   0x0000000000003bdb      0x3c6 _build/nrf51422_xxac_main.c.o
 .debug_macro   0x0000000000003fa1       0xdf _build/nrf51422_xxac_system_nrf51.c.o

.debug_line     0x0000000000000000     0x9981
 .debug_line    0x0000000000000000      0x5d0 _build/nrf51422_xxac_app_error.c.o
 .debug_line    0x00000000000005d0      0x593 _build/nrf51422_xxac_app_error_weak.c.o
 .debug_line    0x0000000000000b63      0x511 _build/nrf51422_xxac_app_util_platform.c.o
 .debug_line    0x0000000000001074      0x6b3 _build/nrf51422_xxac_heap_1.c.o
 .debug_line    0x0000000000001727      0x6cd _build/nrf51422_xxac_list.c.o
 .debug_line    0x0000000000001df4      0x62b _build/nrf51422_xxac_port.c.o
 .debug_line    0x000000000000241f      0x709 _build/nrf51422_xxac_port_cmsis.c.o
 .debug_line    0x0000000000002b28      0x8b4 _build/nrf51422_xxac_port_cmsis_systick.c.o
 .debug_line    0x00000000000033dc      0xd6a _build/nrf51422_xxac_queue.c.o
 .debug_line    0x0000000000004146     0x114c _build/nrf51422_xxac_tasks.c.o
 .debug_line    0x0000000000005292      0x8b7 _build/nrf51422_xxac_timers.c.o
 .debug_line    0x0000000000005b49      0x704 _build/nrf51422_xxac_boards.c.o
 .debug_line    0x000000000000624d      0x926 _build/nrf51422_xxac_nrf_drv_clock.c.o
 .debug_line    0x0000000000006b73      0x5ee _build/nrf51422_xxac_nrf_drv_common.c.o
 .debug_line    0x0000000000007161      0xfdc _build/nrf51422_xxac_nrf_drv_gpiote.c.o
 .debug_line    0x000000000000813d      0xcb4 _build/nrf51422_xxac_nrf_drv_uart.c.o
 .debug_line    0x0000000000008df1      0x861 _build/nrf51422_xxac_main.c.o
 .debug_line    0x0000000000009652      0x32f _build/nrf51422_xxac_system_nrf51.c.o

.debug_str      0x0000000000000000    0x3ea61
 .debug_str     0x0000000000000000    0x33494 _build/nrf51422_xxac_app_error.c.o
                                      0x33717 (size before relaxing)
 .debug_str     0x0000000000033494       0xae _build/nrf51422_xxac_app_error_weak.c.o
                                      0x33664 (size before relaxing)
 .debug_str     0x0000000000033542      0x323 _build/nrf51422_xxac_app_util_platform.c.o
                                      0x2ec6a (size before relaxing)
 .debug_str     0x0000000000033865     0x30ae _build/nrf51422_xxac_heap_1.c.o
                                      0x34b2d (size before relaxing)
 .debug_str     0x0000000000036913      0x154 _build/nrf51422_xxac_list.c.o
                                      0x3457c (size before relaxing)
 .debug_str     0x0000000000036a67       0x52 _build/nrf51422_xxac_port.c.o
                                      0x3497b (size before relaxing)
 .debug_str     0x0000000000036ab9      0x4dc _build/nrf51422_xxac_port_cmsis.c.o
                                      0x34ed5 (size before relaxing)
 .debug_str     0x0000000000036f95      0xad1 _build/nrf51422_xxac_port_cmsis_systick.c.o
                                      0x35aab (size before relaxing)
 .debug_str     0x0000000000037a66     0x11f9 _build/nrf51422_xxac_queue.c.o
                                      0x35e26 (size before relaxing)
 .debug_str     0x0000000000038c5f     0x16a3 _build/nrf51422_xxac_tasks.c.o
                                      0x365b7 (size before relaxing)
 .debug_str     0x000000000003a302      0x49b _build/nrf51422_xxac_timers.c.o
                                      0x36362 (size before relaxing)
 .debug_str     0x000000000003a79d     0x13cc _build/nrf51422_xxac_boards.c.o
                                      0x301e1 (size before relaxing)
 .debug_str     0x000000000003bb69      0x90a _build/nrf51422_xxac_nrf_drv_clock.c.o
                                      0x34575 (size before relaxing)
 .debug_str     0x000000000003c473       0x81 _build/nrf51422_xxac_nrf_drv_common.c.o
                                      0x32791 (size before relaxing)
 .debug_str     0x000000000003c4f4     0x111f _build/nrf51422_xxac_nrf_drv_gpiote.c.o
                                      0x354c9 (size before relaxing)
 .debug_str     0x000000000003d613      0xea7 _build/nrf51422_xxac_nrf_drv_uart.c.o
                                      0x352fd (size before relaxing)
 .debug_str     0x000000000003e4ba      0x487 _build/nrf51422_xxac_main.c.o
                                      0x36e96 (size before relaxing)
 .debug_str     0x000000000003e941      0x120 _build/nrf51422_xxac_system_nrf51.c.o
                                      0x29fab (size before relaxing)
